Archive member included to satisfy reference by file (symbol)

c:/st/stm32cubeide_1.10.0/stm32cubeide/plugins/com.st.stm32cube.ide.mcu.externaltools.gnu-tools-for-stm32.10.3-2021.10.win32_1.0.100.202210260954/tools/bin/../lib/gcc/arm-none-eabi/10.3.1/../../../../arm-none-eabi/lib/thumb/v7e-m+dp/hard\libc_nano.a(lib_a-atoi.o)
                              ./Core/Src/protocol.o (atoi)
c:/st/stm32cubeide_1.10.0/stm32cubeide/plugins/com.st.stm32cube.ide.mcu.externaltools.gnu-tools-for-stm32.10.3-2021.10.win32_1.0.100.202210260954/tools/bin/../lib/gcc/arm-none-eabi/10.3.1/../../../../arm-none-eabi/lib/thumb/v7e-m+dp/hard\libc_nano.a(lib_a-errno.o)
                              ./Core/Src/syscalls.o (__errno)
c:/st/stm32cubeide_1.10.0/stm32cubeide/plugins/com.st.stm32cube.ide.mcu.externaltools.gnu-tools-for-stm32.10.3-2021.10.win32_1.0.100.202210260954/tools/bin/../lib/gcc/arm-none-eabi/10.3.1/../../../../arm-none-eabi/lib/thumb/v7e-m+dp/hard\libc_nano.a(lib_a-exit.o)
                              c:/st/stm32cubeide_1.10.0/stm32cubeide/plugins/com.st.stm32cube.ide.mcu.externaltools.gnu-tools-for-stm32.10.3-2021.10.win32_1.0.100.202210260954/tools/bin/../lib/gcc/arm-none-eabi/10.3.1/../../../../arm-none-eabi/lib/thumb/v7e-m+dp/hard/crt0.o (exit)
c:/st/stm32cubeide_1.10.0/stm32cubeide/plugins/com.st.stm32cube.ide.mcu.externaltools.gnu-tools-for-stm32.10.3-2021.10.win32_1.0.100.202210260954/tools/bin/../lib/gcc/arm-none-eabi/10.3.1/../../../../arm-none-eabi/lib/thumb/v7e-m+dp/hard\libc_nano.a(lib_a-impure.o)
                              c:/st/stm32cubeide_1.10.0/stm32cubeide/plugins/com.st.stm32cube.ide.mcu.externaltools.gnu-tools-for-stm32.10.3-2021.10.win32_1.0.100.202210260954/tools/bin/../lib/gcc/arm-none-eabi/10.3.1/../../../../arm-none-eabi/lib/thumb/v7e-m+dp/hard\libc_nano.a(lib_a-exit.o) (_global_impure_ptr)
c:/st/stm32cubeide_1.10.0/stm32cubeide/plugins/com.st.stm32cube.ide.mcu.externaltools.gnu-tools-for-stm32.10.3-2021.10.win32_1.0.100.202210260954/tools/bin/../lib/gcc/arm-none-eabi/10.3.1/../../../../arm-none-eabi/lib/thumb/v7e-m+dp/hard\libc_nano.a(lib_a-init.o)
                              c:/st/stm32cubeide_1.10.0/stm32cubeide/plugins/com.st.stm32cube.ide.mcu.externaltools.gnu-tools-for-stm32.10.3-2021.10.win32_1.0.100.202210260954/tools/bin/../lib/gcc/arm-none-eabi/10.3.1/../../../../arm-none-eabi/lib/thumb/v7e-m+dp/hard/crt0.o (__libc_init_array)
c:/st/stm32cubeide_1.10.0/stm32cubeide/plugins/com.st.stm32cube.ide.mcu.externaltools.gnu-tools-for-stm32.10.3-2021.10.win32_1.0.100.202210260954/tools/bin/../lib/gcc/arm-none-eabi/10.3.1/../../../../arm-none-eabi/lib/thumb/v7e-m+dp/hard\libc_nano.a(lib_a-memcpy-stub.o)
                              ./Core/Src/commands.o (memcpy)
c:/st/stm32cubeide_1.10.0/stm32cubeide/plugins/com.st.stm32cube.ide.mcu.externaltools.gnu-tools-for-stm32.10.3-2021.10.win32_1.0.100.202210260954/tools/bin/../lib/gcc/arm-none-eabi/10.3.1/../../../../arm-none-eabi/lib/thumb/v7e-m+dp/hard\libc_nano.a(lib_a-memset.o)
                              c:/st/stm32cubeide_1.10.0/stm32cubeide/plugins/com.st.stm32cube.ide.mcu.externaltools.gnu-tools-for-stm32.10.3-2021.10.win32_1.0.100.202210260954/tools/bin/../lib/gcc/arm-none-eabi/10.3.1/../../../../arm-none-eabi/lib/thumb/v7e-m+dp/hard/crt0.o (memset)
c:/st/stm32cubeide_1.10.0/stm32cubeide/plugins/com.st.stm32cube.ide.mcu.externaltools.gnu-tools-for-stm32.10.3-2021.10.win32_1.0.100.202210260954/tools/bin/../lib/gcc/arm-none-eabi/10.3.1/../../../../arm-none-eabi/lib/thumb/v7e-m+dp/hard\libc_nano.a(lib_a-strcmp.o)
                              ./Core/Src/commands.o (strcmp)
c:/st/stm32cubeide_1.10.0/stm32cubeide/plugins/com.st.stm32cube.ide.mcu.externaltools.gnu-tools-for-stm32.10.3-2021.10.win32_1.0.100.202210260954/tools/bin/../lib/gcc/arm-none-eabi/10.3.1/../../../../arm-none-eabi/lib/thumb/v7e-m+dp/hard\libc_nano.a(lib_a-strlen.o)
                              ./Core/Src/main.o (strlen)
c:/st/stm32cubeide_1.10.0/stm32cubeide/plugins/com.st.stm32cube.ide.mcu.externaltools.gnu-tools-for-stm32.10.3-2021.10.win32_1.0.100.202210260954/tools/bin/../lib/gcc/arm-none-eabi/10.3.1/../../../../arm-none-eabi/lib/thumb/v7e-m+dp/hard\libc_nano.a(lib_a-strtol.o)
                              c:/st/stm32cubeide_1.10.0/stm32cubeide/plugins/com.st.stm32cube.ide.mcu.externaltools.gnu-tools-for-stm32.10.3-2021.10.win32_1.0.100.202210260954/tools/bin/../lib/gcc/arm-none-eabi/10.3.1/../../../../arm-none-eabi/lib/thumb/v7e-m+dp/hard\libc_nano.a(lib_a-atoi.o) (_strtol_r)
c:/st/stm32cubeide_1.10.0/stm32cubeide/plugins/com.st.stm32cube.ide.mcu.externaltools.gnu-tools-for-stm32.10.3-2021.10.win32_1.0.100.202210260954/tools/bin/../lib/gcc/arm-none-eabi/10.3.1/../../../../arm-none-eabi/lib/thumb/v7e-m+dp/hard\libc_nano.a(lib_a-vsprintf.o)
                              ./Core/Src/main.o (vsprintf)
[...]
Memory Configuration

Name             Origin             Length             Attributes
RAM              0x0000000020000000 0x0000000000080000 xrw
FLASH            0x0000000008000000 0x0000000000200000 xr
*default*        0x0000000000000000 0xffffffffffffffff

Linker script and memory map

LOAD c:/st/stm32cubeide_1.10.0/stm32cubeide/plugins/com.st.stm32cube.ide.mcu.externaltools.gnu-tools-for-stm32.10.3-2021.10.win32_1.0.100.202210260954/tools/bin/../lib/gcc/arm-none-eabi/10.3.1/thumb/v7e-m+dp/hard/crti.o
LOAD c:/st/stm32cubeide_1.10.0/stm32cubeide/plugins/com.st.stm32cube.ide.mcu.externaltools.gnu-tools-for-stm32.10.3-2021.10.win32_1.0.100.202210260954/tools/bin/../lib/gcc/arm-none-eabi/10.3.1/thumb/v7e-m+dp/hard/crtbegin.o
LOAD c:/st/stm32cubeide_1.10.0/stm32cubeide/plugins/com.st.stm32cube.ide.mcu.externaltools.gnu-tools-for-stm32.10.3-2021.10.win32_1.0.100.202210260954/tools/bin/../lib/gcc/arm-none-eabi/10.3.1/../../../../arm-none-eabi/lib/thumb/v7e-m+dp/hard/crt0.o
LOAD ./Core/Src/commands.o
LOAD ./Core/Src/gpio.o
LOAD ./Core/Src/main.o
LOAD ./Core/Src/protocol.o
LOAD ./Core/Src/ringbuff.o
LOAD ./Core/Src/stm32f7xx_hal_msp.o
LOAD ./Core/Src/stm32f7xx_it.o
LOAD ./Core/Src/syscalls.o
LOAD ./Core/Src/sysmem.o
LOAD ./Core/Src/system_stm32f7xx.o
LOAD ./Core/Src/usart.o
LOAD ./Core/Startup/startup_stm32f767zitx.o
LOAD ./Drivers/STM32F7xx_HAL_Driver/Src/stm32f7xx_hal.o
LOAD ./Drivers/STM32F7xx_HAL_Driver/Src/stm32f7xx_hal_cortex.o
LOAD ./Drivers/STM32F7xx_HAL_Driver/Src/stm32f7xx_hal_dma.o
LOAD ./Drivers/STM32F7xx_HAL_Driver/Src/stm32f7xx_hal_dma_ex.o
LOAD ./Drivers/STM32F7xx_HAL_Driver/Src/stm32f7xx_hal_exti.o
LOAD ./Drivers/STM32F7xx_HAL_Driver/Src/stm32f7xx_hal_flash.o
LOAD ./Drivers/STM32F7xx_HAL_Driver/Src/stm32f7xx_hal_flash_ex.o
LOAD ./Drivers/STM32F7xx_HAL_Driver/Src/stm32f7xx_hal_gpio.o
LOAD ./Drivers/STM32F7xx_HAL_Driver/Src/stm32f7xx_hal_i2c.o
LOAD ./Drivers/STM32F7xx_HAL_Driver/Src/stm32f7xx_hal_i2c_ex.o
LOAD ./Drivers/STM32F7xx_HAL_Driver/Src/stm32f7xx_hal_pwr.o
LOAD ./Drivers/STM32F7xx_HAL_Driver/Src/stm32f7xx_hal_pwr_ex.o
LOAD ./Drivers/STM32F7xx_HAL_Driver/Src/stm32f7xx_hal_rcc.o
LOAD ./Drivers/STM32F7xx_HAL_Driver/Src/stm32f7xx_hal_rcc_ex.o
LOAD ./Drivers/STM32F7xx_HAL_Driver/Src/stm32f7xx_hal_tim.o
LOAD ./Drivers/STM32F7xx_HAL_Driver/Src/stm32f7xx_hal_tim_ex.o
LOAD ./Drivers/STM32F7xx_HAL_Driver/Src/stm32f7xx_hal_uart.o
LOAD ./Drivers/STM32F7xx_HAL_Driver/Src/stm32f7xx_hal_uart_ex.o
START GROUP
LOAD c:/st/stm32cubeide_1.10.0/stm32cubeide/plugins/com.st.stm32cube.ide.mcu.externaltools.gnu-tools-for-stm32.10.3-2021.10.win32_1.0.100.202210260954/tools/bin/../lib/gcc/arm-none-eabi/10.3.1/../../../../arm-none-eabi/lib/thumb/v7e-m+dp/hard\libc_nano.a
LOAD c:/st/stm32cubeide_1.10.0/stm32cubeide/plugins/com.st.stm32cube.ide.mcu.externaltools.gnu-tools-for-stm32.10.3-2021.10.win32_1.0.100.202210260954/tools/bin/../lib/gcc/arm-none-eabi/10.3.1/../../../../arm-none-eabi/lib/thumb/v7e-m+dp/hard\libm.a
END GROUP
START GROUP
LOAD c:/st/stm32cubeide_1.10.0/stm32cubeide/plugins/com.st.stm32cube.ide.mcu.externaltools.gnu-tools-for-stm32.10.3-2021.10.win32_1.0.100.202210260954/tools/bin/../lib/gcc/arm-none-eabi/10.3.1/thumb/v7e-m+dp/hard\libgcc.a
LOAD c:/st/stm32cubeide_1.10.0/stm32cubeide/plugins/com.st.stm32cube.ide.mcu.externaltools.gnu-tools-for-stm32.10.3-2021.10.win32_1.0.100.202210260954/tools/bin/../lib/gcc/arm-none-eabi/10.3.1/../../../../arm-none-eabi/lib/thumb/v7e-m+dp/hard\libc_nano.a
END GROUP
START GROUP
LOAD c:/st/stm32cubeide_1.10.0/stm32cubeide/plugins/com.st.stm32cube.ide.mcu.externaltools.gnu-tools-for-stm32.10.3-2021.10.win32_1.0.100.202210260954/tools/bin/../lib/gcc/arm-none-eabi/10.3.1/thumb/v7e-m+dp/hard\libgcc.a
LOAD c:/st/stm32cubeide_1.10.0/stm32cubeide/plugins/com.st.stm32cube.ide.mcu.externaltools.gnu-tools-for-stm32.10.3-2021.10.win32_1.0.100.202210260954/tools/bin/../lib/gcc/arm-none-eabi/10.3.1/../../../../arm-none-eabi/lib/thumb/v7e-m+dp/hard\libc_nano.a
LOAD c:/st/stm32cubeide_1.10.0/stm32cubeide/plugins/com.st.stm32cube.ide.mcu.externaltools.gnu-tools-for-stm32.10.3-2021.10.win32_1.0.100.202210260954/tools/bin/../lib/gcc/arm-none-eabi/10.3.1/../../../../arm-none-eabi/lib/thumb/v7e-m+dp/hard\libnosys.a
END GROUP
START GROUP
LOAD c:/st/stm32cubeide_1.10.0/stm32cubeide/plugins/com.st.stm32cube.ide.mcu.externaltools.gnu-tools-for-stm32.10.3-2021.10.win32_1.0.100.202210260954/tools/bin/../lib/gcc/arm-none-eabi/10.3.1/thumb/v7e-m+dp/hard\libgcc.a
LOAD c:/st/stm32cubeide_1.10.0/stm32cubeide/plugins/com.st.stm32cube.ide.mcu.externaltools.gnu-tools-for-stm32.10.3-2021.10.win32_1.0.100.202210260954/tools/bin/../lib/gcc/arm-none-eabi/10.3.1/../../../../arm-none-eabi/lib/thumb/v7e-m+dp/hard\libc_nano.a
LOAD c:/st/stm32cubeide_1.10.0/stm32cubeide/plugins/com.st.stm32cube.ide.mcu.externaltools.gnu-tools-for-stm32.10.3-2021.10.win32_1.0.100.202210260954/tools/bin/../lib/gcc/arm-none-eabi/10.3.1/../../../../arm-none-eabi/lib/thumb/v7e-m+dp/hard\libnosys.a
END GROUP
LOAD c:/st/stm32cubeide_1.10.0/stm32cubeide/plugins/com.st.stm32cube.ide.mcu.externaltools.gnu-tools-for-stm32.10.3-2021.10.win32_1.0.100.202210260954/tools/bin/../lib/gcc/arm-none-eabi/10.3.1/thumb/v7e-m+dp/hard/crtend.o
LOAD c:/st/stm32cubeide_1.10.0/stm32cubeide/plugins/com.st.stm32cube.ide.mcu.externaltools.gnu-tools-for-stm32.10.3-2021.10.win32_1.0.100.202210260954/tools/bin/../lib/gcc/arm-none-eabi/10.3.1/thumb/v7e-m+dp/hard/crtn.o
                0x0000000020080000                _estack = (ORIGIN (RAM) + LENGTH (RAM))
                0x0000000000000200                _Min_Heap_Size = 0x200
                0x0000000000000400                _Min_Stack_Size = 0x400

.isr_vector     0x0000000008000000      0x1f8
                0x0000000008000000                . = ALIGN (0x4)
 *(.isr_vector)
 .isr_vector    0x0000000008000000      0x1f8 ./Core/Startup/startup_stm32f767zitx.o
                0x0000000008000000                g_pfnVectors
                0x00000000080001f8                . = ALIGN (0x4)

.text           0x0000000008000200     0x4b9c
                0x0000000008000200                . = ALIGN (0x4)
 *(.text)
 .text          0x0000000008000200       0x40 c:/st/stm32cubeide_1.10.0/stm32cubeide/plugins/com.st.stm32cube.ide.mcu.externaltools.gnu-tools-for-stm32.10.3-2021.10.win32_1.0.100.202210260954/tools/bin/../lib/gcc/arm-none-eabi/10.3.1/thumb/v7e-m+dp/hard/crtbegin.o
 .text          0x0000000008000240       0x14 c:/st/stm32cubeide_1.10.0/stm32cubeide/plugins/com.st.stm32cube.ide.mcu.externaltools.gnu-tools-for-stm32.10.3-2021.10.win32_1.0.100.202210260954/tools/bin/../lib/gcc/arm-none-eabi/10.3.1/../../../../arm-none-eabi/lib/thumb/v7e-m+dp/hard\libc_nano.a(lib_a-strcmp.o)
                0x0000000008000240                strcmp
 .text          0x0000000008000254       0x10 c:/st/stm32cubeide_1.10.0/stm32cubeide/plugins/com.st.stm32cube.ide.mcu.externaltools.gnu-tools-for-stm32.10.3-2021.10.win32_1.0.100.202210260954/tools/bin/../lib/gcc/arm-none-eabi/10.3.1/../../../../arm-none-eabi/lib/thumb/v7e-m+dp/hard\libc_nano.a(lib_a-strlen.o)
                0x0000000008000254                strlen
 *fill*         0x0000000008000264        0xc 
 .text          0x0000000008000270       0xa0 c:/st/stm32cubeide_1.10.0/stm32cubeide/plugins/com.st.stm32cube.ide.mcu.externaltools.gnu-tools-for-stm32.10.3-2021.10.win32_1.0.100.202210260954/tools/bin/../lib/gcc/arm-none-eabi/10.3.1/../../../../arm-none-eabi/lib/thumb/v7e-m+dp/hard\libc_nano.a(lib_a-memchr.o)
                0x0000000008000270                memchr
 .text          0x0000000008000310       0x30 c:/st/stm32cubeide_1.10.0/stm32cubeide/plugins/com.st.stm32cube.ide.mcu.externaltools.gnu-tools-for-stm32.10.3-2021.10.win32_1.0.100.202210260954/tools/bin/../lib/gcc/arm-none-eabi/10.3.1/thumb/v7e-m+dp/hard\libgcc.a(_aeabi_uldivmod.o)
                0x0000000008000310                __aeabi_uldivmod
 .text          0x0000000008000340      0x2d0 c:/st/stm32cubeide_1.10.0/stm32cubeide/plugins/com.st.stm32cube.ide.mcu.externaltools.gnu-tools-for-stm32.10.3-2021.10.win32_1.0.100.202210260954/tools/bin/../lib/gcc/arm-none-eabi/10.3.1/thumb/v7e-m+dp/hard\libgcc.a(_udivmoddi4.o)
                0x0000000008000340                __udivmoddi4
 .text          0x0000000008000610        0x4 c:/st/stm32cubeide_1.10.0/stm32cubeide/plugins/com.st.stm32cube.ide.mcu.externaltools.gnu-tools-for-stm32.10.3-2021.10.win32_1.0.100.202210260954/tools/bin/../lib/gcc/arm-none-eabi/10.3.1/thumb/v7e-m+dp/hard\libgcc.a(_dvmd_tls.o)
                0x0000000008000610                __aeabi_idiv0
                0x0000000008000610                __aeabi_ldiv0
 *(.text*)
 .text.commands
                0x0000000008000614       0xb0 ./Core/Src/commands.o
                0x0000000008000614                commands
 .text.MX_GPIO_Init
                0x00000000080006c4      0x208 ./Core/Src/gpio.o
                0x00000000080006c4                MX_GPIO_Init
 .text.HAL_UART_RxCpltCallback
                0x00000000080008cc       0xa0 ./Core/Src/main.o
                0x00000000080008cc                HAL_UART_RxCpltCallback
 .text.HAL_UART_TxCpltCallback
                0x000000000800096c       0x6c ./Core/Src/main.o
                0x000000000800096c                HAL_UART_TxCpltCallback
 .text.USART_Send
                0x00000000080009d8       0xfc ./Core/Src/main.o
                0x00000000080009d8                USART_Send
 .text.main     0x0000000008000ad4      0x108 ./Core/Src/main.o
                0x0000000008000ad4                main
 .text.SystemClock_Config
                0x0000000008000bdc       0xe4 ./Core/Src/main.o
                0x0000000008000bdc                SystemClock_Config
 .text.Error_Handler
                0x0000000008000cc0        0xa ./Core/Src/main.o
                0x0000000008000cc0                Error_Handler
 .text.RXbufferClear
                0x0000000008000cca       0x32 ./Core/Src/protocol.o
                0x0000000008000cca                RXbufferClear
 .text.prarseRxBuffer
                0x0000000008000cfc      0x1dc ./Core/Src/protocol.o
                0x0000000008000cfc                prarseRxBuffer
 .text.HAL_MspInit
                0x0000000008000ed8       0x48 ./Core/Src/stm32f7xx_hal_msp.o
                0x0000000008000ed8                HAL_MspInit
 .text.NMI_Handler
                0x0000000008000f20        0x6 ./Core/Src/stm32f7xx_it.o
                0x0000000008000f20                NMI_Handler
 .text.HardFault_Handler
                0x0000000008000f26        0xe ./Core/Src/stm32f7xx_it.o
                0x0000000008000f26                HardFault_Handler
 .text.MemManage_Handler
                0x0000000008000f34        0x6 ./Core/Src/stm32f7xx_it.o
                0x0000000008000f34                MemManage_Handler
 .text.BusFault_Handler
                0x0000000008000f3a        0x6 ./Core/Src/stm32f7xx_it.o
                0x0000000008000f3a                BusFault_Handler
 .text.UsageFault_Handler
                0x0000000008000f40        0x6 ./Core/Src/stm32f7xx_it.o
                0x0000000008000f40                UsageFault_Handler
 .text.SVC_Handler
                0x0000000008000f46        0xe ./Core/Src/stm32f7xx_it.o
                0x0000000008000f46                SVC_Handler
 .text.DebugMon_Handler
                0x0000000008000f54        0xe ./Core/Src/stm32f7xx_it.o
                0x0000000008000f54                DebugMon_Handler
 .text.PendSV_Handler
                0x0000000008000f62        0xe ./Core/Src/stm32f7xx_it.o
                0x0000000008000f62                PendSV_Handler
 .text.SysTick_Handler
                0x0000000008000f70        0xc ./Core/Src/stm32f7xx_it.o
                0x0000000008000f70                SysTick_Handler
 .text.USART3_IRQHandler
                0x0000000008000f7c       0x14 ./Core/Src/stm32f7xx_it.o
                0x0000000008000f7c                USART3_IRQHandler
 .text._sbrk    0x0000000008000f90       0x6c ./Core/Src/sysmem.o
                0x0000000008000f90                _sbrk
 .text.SystemInit
                0x0000000008000ffc       0x24 ./Core/Src/system_stm32f7xx.o
                0x0000000008000ffc                SystemInit
 .text.MX_USART3_UART_Init
                0x0000000008001020       0x60 ./Core/Src/usart.o
                0x0000000008001020                MX_USART3_UART_Init
 .text.HAL_UART_MspInit
                0x0000000008001080       0xd0 ./Core/Src/usart.o
                0x0000000008001080                HAL_UART_MspInit
 .text.Reset_Handler
                0x0000000008001150       0x50 ./Core/Startup/startup_stm32f767zitx.o
                0x0000000008001150                Reset_Handler
 .text.Default_Handler
                0x00000000080011a0        0x2 ./Core/Startup/startup_stm32f767zitx.o
                0x00000000080011a0                RTC_Alarm_IRQHandler
                0x00000000080011a0                EXTI2_IRQHandler
                0x00000000080011a0                TIM8_CC_IRQHandler
                0x00000000080011a0                UART8_IRQHandler
                0x00000000080011a0                SPI4_IRQHandler
                0x00000000080011a0                TIM1_CC_IRQHandler
                0x00000000080011a0                DMA2_Stream5_IRQHandler
                0x00000000080011a0                JPEG_IRQHandler
                0x00000000080011a0                DMA1_Stream5_IRQHandler
                0x00000000080011a0                CAN3_RX1_IRQHandler
                0x00000000080011a0                PVD_IRQHandler
                0x00000000080011a0                TAMP_STAMP_IRQHandler
                0x00000000080011a0                CAN2_RX1_IRQHandler
                0x00000000080011a0                EXTI3_IRQHandler
                0x00000000080011a0                TIM8_TRG_COM_TIM14_IRQHandler
                0x00000000080011a0                DFSDM1_FLT1_IRQHandler
                0x00000000080011a0                TIM1_UP_TIM10_IRQHandler
                0x00000000080011a0                TIM8_UP_TIM13_IRQHandler
                0x00000000080011a0                I2C3_ER_IRQHandler
                0x00000000080011a0                DFSDM1_FLT2_IRQHandler
                0x00000000080011a0                EXTI0_IRQHandler
                0x00000000080011a0                I2C2_EV_IRQHandler
                0x00000000080011a0                DMA1_Stream2_IRQHandler
                0x00000000080011a0                CAN1_RX0_IRQHandler
                0x00000000080011a0                FPU_IRQHandler
                0x00000000080011a0                OTG_HS_WKUP_IRQHandler
                0x00000000080011a0                CAN3_SCE_IRQHandler
                0x00000000080011a0                LTDC_ER_IRQHandler
                0x00000000080011a0                CAN2_SCE_IRQHandler
                0x00000000080011a0                DMA2_Stream2_IRQHandler
                0x00000000080011a0                SPI1_IRQHandler
                0x00000000080011a0                TIM6_DAC_IRQHandler
                0x00000000080011a0                TIM1_BRK_TIM9_IRQHandler
                0x00000000080011a0                DCMI_IRQHandler
                0x00000000080011a0                CAN2_RX0_IRQHandler
                0x00000000080011a0                DMA2_Stream3_IRQHandler
                0x00000000080011a0                SAI2_IRQHandler
                0x00000000080011a0                DFSDM1_FLT3_IRQHandler
                0x00000000080011a0                USART6_IRQHandler
                0x00000000080011a0                CAN3_RX0_IRQHandler
                0x00000000080011a0                CAN1_RX1_IRQHandler
                0x00000000080011a0                UART5_IRQHandler
                0x00000000080011a0                DMA2_Stream0_IRQHandler
                0x00000000080011a0                TIM4_IRQHandler
                0x00000000080011a0                QUADSPI_IRQHandler
                0x00000000080011a0                I2C1_EV_IRQHandler
                0x00000000080011a0                DMA1_Stream6_IRQHandler
                0x00000000080011a0                DMA1_Stream1_IRQHandler
                0x00000000080011a0                UART4_IRQHandler
                0x00000000080011a0                TIM3_IRQHandler
                0x00000000080011a0                RCC_IRQHandler
                0x00000000080011a0                TIM8_BRK_TIM12_IRQHandler
                0x00000000080011a0                Default_Handler
                0x00000000080011a0                CEC_IRQHandler
                0x00000000080011a0                EXTI15_10_IRQHandler
                0x00000000080011a0                ADC_IRQHandler
                0x00000000080011a0                DMA1_Stream7_IRQHandler
                0x00000000080011a0                SPI5_IRQHandler
                0x00000000080011a0                TIM7_IRQHandler
                0x00000000080011a0                SDMMC1_IRQHandler
                0x00000000080011a0                CAN2_TX_IRQHandler
                0x00000000080011a0                TIM5_IRQHandler
                0x00000000080011a0                DMA2_Stream7_IRQHandler
                0x00000000080011a0                I2C3_EV_IRQHandler
                0x00000000080011a0                EXTI9_5_IRQHandler
                0x00000000080011a0                RTC_WKUP_IRQHandler
                0x00000000080011a0                LTDC_IRQHandler
                0x00000000080011a0                ETH_WKUP_IRQHandler
                0x00000000080011a0                SPDIF_RX_IRQHandler
                0x00000000080011a0                SPI2_IRQHandler
                0x00000000080011a0                OTG_HS_EP1_IN_IRQHandler
                0x00000000080011a0                DMA1_Stream0_IRQHandler
                0x00000000080011a0                CAN1_TX_IRQHandler
                0x00000000080011a0                EXTI4_IRQHandler
                0x00000000080011a0                RNG_IRQHandler
                0x00000000080011a0                ETH_IRQHandler
                0x00000000080011a0                OTG_HS_EP1_OUT_IRQHandler
                0x00000000080011a0                WWDG_IRQHandler
                0x00000000080011a0                SPI6_IRQHandler
                0x00000000080011a0                MDIOS_IRQHandler
                0x00000000080011a0                I2C4_EV_IRQHandler
                0x00000000080011a0                CAN3_TX_IRQHandler
                0x00000000080011a0                TIM2_IRQHandler
                0x00000000080011a0                OTG_FS_WKUP_IRQHandler
                0x00000000080011a0                TIM1_TRG_COM_TIM11_IRQHandler
                0x00000000080011a0                OTG_HS_IRQHandler
                0x00000000080011a0                DMA2D_IRQHandler
                0x00000000080011a0                EXTI1_IRQHandler
                0x00000000080011a0                SDMMC2_IRQHandler
                0x00000000080011a0                UART7_IRQHandler
                0x00000000080011a0                USART2_IRQHandler
                0x00000000080011a0                DFSDM1_FLT0_IRQHandler
                0x00000000080011a0                I2C2_ER_IRQHandler
                0x00000000080011a0                DMA2_Stream1_IRQHandler
                0x00000000080011a0                CAN1_SCE_IRQHandler
                0x00000000080011a0                FLASH_IRQHandler
                0x00000000080011a0                DMA2_Stream4_IRQHandler
                0x00000000080011a0                USART1_IRQHandler
                0x00000000080011a0                OTG_FS_IRQHandler
                0x00000000080011a0                SPI3_IRQHandler
                0x00000000080011a0                DMA1_Stream4_IRQHandler
                0x00000000080011a0                I2C1_ER_IRQHandler
                0x00000000080011a0                FMC_IRQHandler
                0x00000000080011a0                LPTIM1_IRQHandler
                0x00000000080011a0                I2C4_ER_IRQHandler
                0x00000000080011a0                DMA2_Stream6_IRQHandler
                0x00000000080011a0                SAI1_IRQHandler
                0x00000000080011a0                DMA1_Stream3_IRQHandler
 .text.HAL_Init
                0x00000000080011a2       0x1a ./Drivers/STM32F7xx_HAL_Driver/Src/stm32f7xx_hal.o
                0x00000000080011a2                HAL_Init
 .text.HAL_InitTick
                0x00000000080011bc       0x60 ./Drivers/STM32F7xx_HAL_Driver/Src/stm32f7xx_hal.o
                0x00000000080011bc                HAL_InitTick
 .text.HAL_IncTick
                0x000000000800121c       0x28 ./Drivers/STM32F7xx_HAL_Driver/Src/stm32f7xx_hal.o
                0x000000000800121c                HAL_IncTick
 .text.HAL_GetTick
                0x0000000008001244       0x18 ./Drivers/STM32F7xx_HAL_Driver/Src/stm32f7xx_hal.o
                0x0000000008001244                HAL_GetTick
 .text.__NVIC_SetPriorityGrouping
                0x000000000800125c       0x48 ./Drivers/STM32F7xx_HAL_Driver/Src/stm32f7xx_hal_cortex.o
 .text.__NVIC_GetPriorityGrouping
                0x00000000080012a4       0x1c ./Drivers/STM32F7xx_HAL_Driver/Src/stm32f7xx_hal_cortex.o
 .text.__NVIC_EnableIRQ
                0x00000000080012c0       0x3c ./Drivers/STM32F7xx_HAL_Driver/Src/stm32f7xx_hal_cortex.o
 .text.__NVIC_SetPriority
                0x00000000080012fc       0x54 ./Drivers/STM32F7xx_HAL_Driver/Src/stm32f7xx_hal_cortex.o
 .text.NVIC_EncodePriority
                0x0000000008001350       0x66 ./Drivers/STM32F7xx_HAL_Driver/Src/stm32f7xx_hal_cortex.o
 *fill*         0x00000000080013b6        0x2 
 .text.SysTick_Config
                0x00000000080013b8       0x44 ./Drivers/STM32F7xx_HAL_Driver/Src/stm32f7xx_hal_cortex.o
 .text.HAL_NVIC_SetPriorityGrouping
                0x00000000080013fc       0x16 ./Drivers/STM32F7xx_HAL_Driver/Src/stm32f7xx_hal_cortex.o
                0x00000000080013fc                HAL_NVIC_SetPriorityGrouping
 .text.HAL_NVIC_SetPriority
                0x0000000008001412       0x38 ./Drivers/STM32F7xx_HAL_Driver/Src/stm32f7xx_hal_cortex.o
                0x0000000008001412                HAL_NVIC_SetPriority
 .text.HAL_NVIC_EnableIRQ
                0x000000000800144a       0x1c ./Drivers/STM32F7xx_HAL_Driver/Src/stm32f7xx_hal_cortex.o
                0x000000000800144a                HAL_NVIC_EnableIRQ
 .text.HAL_SYSTICK_Config
                0x0000000008001466       0x18 ./Drivers/STM32F7xx_HAL_Driver/Src/stm32f7xx_hal_cortex.o
                0x0000000008001466                HAL_SYSTICK_Config
 .text.HAL_DMA_Abort
                0x000000000800147e       0xe0 ./Drivers/STM32F7xx_HAL_Driver/Src/stm32f7xx_hal_dma.o
                0x000000000800147e                HAL_DMA_Abort
 .text.HAL_DMA_Abort_IT
                0x000000000800155e       0x44 ./Drivers/STM32F7xx_HAL_Driver/Src/stm32f7xx_hal_dma.o
                0x000000000800155e                HAL_DMA_Abort_IT
 *fill*         0x00000000080015a2        0x2 
 .text.HAL_GPIO_Init
                0x00000000080015a4      0x358 ./Drivers/STM32F7xx_HAL_Driver/Src/stm32f7xx_hal_gpio.o
                0x00000000080015a4                HAL_GPIO_Init
 .text.HAL_GPIO_WritePin
                0x00000000080018fc       0x32 ./Drivers/STM32F7xx_HAL_Driver/Src/stm32f7xx_hal_gpio.o
                0x00000000080018fc                HAL_GPIO_WritePin
 *fill*         0x000000000800192e        0x2 
 .text.HAL_PWR_EnableBkUpAccess
                0x0000000008001930       0x20 ./Drivers/STM32F7xx_HAL_Driver/Src/stm32f7xx_hal_pwr.o
                0x0000000008001930                HAL_PWR_EnableBkUpAccess
 .text.HAL_PWREx_EnableOverDrive
                0x0000000008001950       0xa0 ./Drivers/STM32F7xx_HAL_Driver/Src/stm32f7xx_hal_pwr_ex.o
                0x0000000008001950                HAL_PWREx_EnableOverDrive
 .text.HAL_RCC_OscConfig
                0x00000000080019f0      0x55c ./Drivers/STM32F7xx_HAL_Driver/Src/stm32f7xx_hal_rcc.o
                0x00000000080019f0                HAL_RCC_OscConfig
 .text.HAL_RCC_ClockConfig
                0x0000000008001f4c      0x1d8 ./Drivers/STM32F7xx_HAL_Driver/Src/stm32f7xx_hal_rcc.o
                0x0000000008001f4c                HAL_RCC_ClockConfig
 .text.HAL_RCC_GetSysClockFreq
                0x0000000008002124      0x20c ./Drivers/STM32F7xx_HAL_Driver/Src/stm32f7xx_hal_rcc.o
                0x0000000008002124                HAL_RCC_GetSysClockFreq
 .text.HAL_RCC_GetHCLKFreq
                0x0000000008002330       0x18 ./Drivers/STM32F7xx_HAL_Driver/Src/stm32f7xx_hal_rcc.o
                0x0000000008002330                HAL_RCC_GetHCLKFreq
 .text.HAL_RCC_GetPCLK1Freq
                0x0000000008002348       0x28 ./Drivers/STM32F7xx_HAL_Driver/Src/stm32f7xx_hal_rcc.o
                0x0000000008002348                HAL_RCC_GetPCLK1Freq
 .text.HAL_RCC_GetPCLK2Freq
                0x0000000008002370       0x28 ./Drivers/STM32F7xx_HAL_Driver/Src/stm32f7xx_hal_rcc.o
                0x0000000008002370                HAL_RCC_GetPCLK2Freq
 .text.HAL_RCCEx_PeriphCLKConfig
                0x0000000008002398      0x850 ./Drivers/STM32F7xx_HAL_Driver/Src/stm32f7xx_hal_rcc_ex.o
                0x0000000008002398                HAL_RCCEx_PeriphCLKConfig
 .text.HAL_UART_Init
                0x0000000008002be8       0x9c ./Drivers/STM32F7xx_HAL_Driver/Src/stm32f7xx_hal_uart.o
                0x0000000008002be8                HAL_UART_Init
 .text.HAL_UART_Transmit_IT
                0x0000000008002c84       0xbc ./Drivers/STM32F7xx_HAL_Driver/Src/stm32f7xx_hal_uart.o
                0x0000000008002c84                HAL_UART_Transmit_IT
 .text.HAL_UART_Receive_IT
                0x0000000008002d40       0x88 ./Drivers/STM32F7xx_HAL_Driver/Src/stm32f7xx_hal_uart.o
                0x0000000008002d40                HAL_UART_Receive_IT
 .text.HAL_UART_IRQHandler
                0x0000000008002dc8      0x5d0 ./Drivers/STM32F7xx_HAL_Driver/Src/stm32f7xx_hal_uart.o
                0x0000000008002dc8                HAL_UART_IRQHandler
 .text.HAL_UART_ErrorCallback
                0x0000000008003398       0x14 ./Drivers/STM32F7xx_HAL_Driver/Src/stm32f7xx_hal_uart.o
                0x0000000008003398                HAL_UART_ErrorCallback
 .text.HAL_UARTEx_RxEventCallback
                0x00000000080033ac       0x18 ./Drivers/STM32F7xx_HAL_Driver/Src/stm32f7xx_hal_uart.o
                0x00000000080033ac                HAL_UARTEx_RxEventCallback
 .text.HAL_UARTEx_WakeupCallback
                0x00000000080033c4       0x14 ./Drivers/STM32F7xx_HAL_Driver/Src/stm32f7xx_hal_uart.o
                0x00000000080033c4                HAL_UARTEx_WakeupCallback
 .text.UART_SetConfig
                0x00000000080033d8      0x4c8 ./Drivers/STM32F7xx_HAL_Driver/Src/stm32f7xx_hal_uart.o
                0x00000000080033d8                UART_SetConfig
 .text.UART_AdvFeatureConfig
                0x00000000080038a0      0x144 ./Drivers/STM32F7xx_HAL_Driver/Src/stm32f7xx_hal_uart.o
                0x00000000080038a0                UART_AdvFeatureConfig
 .text.UART_CheckIdleState
                0x00000000080039e4       0x9a ./Drivers/STM32F7xx_HAL_Driver/Src/stm32f7xx_hal_uart.o
                0x00000000080039e4                UART_CheckIdleState
 .text.UART_WaitOnFlagUntilTimeout
                0x0000000008003a7e      0x18c ./Drivers/STM32F7xx_HAL_Driver/Src/stm32f7xx_hal_uart.o
                0x0000000008003a7e                UART_WaitOnFlagUntilTimeout
 *fill*         0x0000000008003c0a        0x2 
 .text.UART_Start_Receive_IT
                0x0000000008003c0c      0x18c ./Drivers/STM32F7xx_HAL_Driver/Src/stm32f7xx_hal_uart.o
                0x0000000008003c0c                UART_Start_Receive_IT
 .text.UART_EndRxTransfer
                0x0000000008003d98       0xc8 ./Drivers/STM32F7xx_HAL_Driver/Src/stm32f7xx_hal_uart.o
 .text.UART_DMAAbortOnError
                0x0000000008003e60       0x2c ./Drivers/STM32F7xx_HAL_Driver/Src/stm32f7xx_hal_uart.o
 .text.UART_TxISR_8BIT
                0x0000000008003e8c       0xb6 ./Drivers/STM32F7xx_HAL_Driver/Src/stm32f7xx_hal_uart.o
 .text.UART_TxISR_16BIT
                0x0000000008003f42       0xc0 ./Drivers/STM32F7xx_HAL_Driver/Src/stm32f7xx_hal_uart.o
 .text.UART_EndTransmit_IT
                0x0000000008004002       0x54 ./Drivers/STM32F7xx_HAL_Driver/Src/stm32f7xx_hal_uart.o
 .text.UART_RxISR_8BIT
                0x0000000008004056      0x166 ./Drivers/STM32F7xx_HAL_Driver/Src/stm32f7xx_hal_uart.o
 .text.UART_RxISR_16BIT
                0x00000000080041bc      0x166 ./Drivers/STM32F7xx_HAL_Driver/Src/stm32f7xx_hal_uart.o
 .text.atoi     0x0000000008004322        0x8 c:/st/stm32cubeide_1.10.0/stm32cubeide/plugins/com.st.stm32cube.ide.mcu.externaltools.gnu-tools-for-stm32.10.3-2021.10.win32_1.0.100.202210260954/tools/bin/../lib/gcc/arm-none-eabi/10.3.1/../../../../arm-none-eabi/lib/thumb/v7e-m+dp/hard\libc_nano.a(lib_a-atoi.o)
                0x0000000008004322                atoi
 *fill*         0x000000000800432a        0x2 
 .text.__errno  0x000000000800432c        0xc c:/st/stm32cubeide_1.10.0/stm32cubeide/plugins/com.st.stm32cube.ide.mcu.externaltools.gnu-tools-for-stm32.10.3-2021.10.win32_1.0.100.202210260954/tools/bin/../lib/gcc/arm-none-eabi/10.3.1/../../../../arm-none-eabi/lib/thumb/v7e-m+dp/hard\libc_nano.a(lib_a-errno.o)
                0x000000000800432c                __errno
 .text.__libc_init_array
                0x0000000008004338       0x48 c:/st/stm32cubeide_1.10.0/stm32cubeide/plugins/com.st.stm32cube.ide.mcu.externaltools.gnu-tools-for-stm32.10.3-2021.10.win32_1.0.100.202210260954/tools/bin/../lib/gcc/arm-none-eabi/10.3.1/../../../../arm-none-eabi/lib/thumb/v7e-m+dp/hard\libc_nano.a(lib_a-init.o)
                0x0000000008004338                __libc_init_array
 .text.memcpy   0x0000000008004380       0x1c c:/st/stm32cubeide_1.10.0/stm32cubeide/plugins/com.st.stm32cube.ide.mcu.externaltools.gnu-tools-for-stm32.10.3-2021.10.win32_1.0.100.202210260954/tools/bin/../lib/gcc/arm-none-eabi/10.3.1/../../../../arm-none-eabi/lib/thumb/v7e-m+dp/hard\libc_nano.a(lib_a-memcpy-stub.o)
                0x0000000008004380                memcpy
 .text.memset   0x000000000800439c       0x10 c:/st/stm32cubeide_1.10.0/stm32cubeide/plugins/com.st.stm32cube.ide.mcu.externaltools.gnu-tools-for-stm32.10.3-2021.10.win32_1.0.100.202210260954/tools/bin/../lib/gcc/arm-none-eabi/10.3.1/../../../../arm-none-eabi/lib/thumb/v7e-m+dp/hard\libc_nano.a(lib_a-memset.o)
                0x000000000800439c                memset
 .text._strtol_l.constprop.0
                0x00000000080043ac      0x104 c:/st/stm32cubeide_1.10.0/stm32cubeide/plugins/com.st.stm32cube.ide.mcu.externaltools.gnu-tools-for-stm32.10.3-2021.10.win32_1.0.100.202210260954/tools/bin/../lib/gcc/arm-none-eabi/10.3.1/../../../../arm-none-eabi/lib/thumb/v7e-m+dp/hard\libc_nano.a(lib_a-strtol.o)
 .text.strtol   0x00000000080044b0       0x14 c:/st/stm32cubeide_1.10.0/stm32cubeide/plugins/com.st.stm32cube.ide.mcu.externaltools.gnu-tools-for-stm32.10.3-2021.10.win32_1.0.100.202210260954/tools/bin/../lib/gcc/arm-none-eabi/10.3.1/../../../../arm-none-eabi/lib/thumb/v7e-m+dp/hard\libc_nano.a(lib_a-strtol.o)
                0x00000000080044b0                strtol
 .text._vsprintf_r
                0x00000000080044c4       0x2c c:/st/stm32cubeide_1.10.0/stm32cubeide/plugins/com.st.stm32cube.ide.mcu.externaltools.gnu-tools-for-stm32.10.3-2021.10.win32_1.0.100.202210260954/tools/bin/../lib/gcc/arm-none-eabi/10.3.1/../../../../arm-none-eabi/lib/thumb/v7e-m+dp/hard\libc_nano.a(lib_a-vsprintf.o)
                0x00000000080044c4                _vsprintf_r
                0x00000000080044c4                _vsiprintf_r
 .text.vsprintf
                0x00000000080044f0       0x14 c:/st/stm32cubeide_1.10.0/stm32cubeide/plugins/com.st.stm32cube.ide.mcu.externaltools.gnu-tools-for-stm32.10.3-2021.10.win32_1.0.100.202210260954/tools/bin/../lib/gcc/arm-none-eabi/10.3.1/../../../../arm-none-eabi/lib/thumb/v7e-m+dp/hard\libc_nano.a(lib_a-vsprintf.o)
                0x00000000080044f0                vsiprintf
                0x00000000080044f0                vsprintf
 .text.__ssputs_r
                0x0000000008004504       0xb6 c:/st/stm32cubeide_1.10.0/stm32cubeide/plugins/com.st.stm32cube.ide.mcu.externaltools.gnu-tools-for-stm32.10.3-2021.10.win32_1.0.100.202210260954/tools/bin/../lib/gcc/arm-none-eabi/10.3.1/../../../../arm-none-eabi/lib/thumb/v7e-m+dp/hard\libc_nano.a(lib_a-nano-svfprintf.o)
                0x0000000008004504                __ssputs_r
 *fill*         0x00000000080045ba        0x2 
 .text._svfprintf_r
                0x00000000080045bc      0x200 c:/st/stm32cubeide_1.10.0/stm32cubeide/plugins/com.st.stm32cube.ide.mcu.externaltools.gnu-tools-for-stm32.10.3-2021.10.win32_1.0.100.202210260954/tools/bin/../lib/gcc/arm-none-eabi/10.3.1/../../../../arm-none-eabi/lib/thumb/v7e-m+dp/hard\libc_nano.a(lib_a-nano-svfprintf.o)
                0x00000000080045bc                _svfiprintf_r
                0x00000000080045bc                _svfprintf_r
 .text._printf_common
                0x00000000080047bc       0xda c:/st/stm32cubeide_1.10.0/stm32cubeide/plugins/com.st.stm32cube.ide.mcu.externaltools.gnu-tools-for-stm32.10.3-2021.10.win32_1.0.100.202210260954/tools/bin/../lib/gcc/arm-none-eabi/10.3.1/../../../../arm-none-eabi/lib/thumb/v7e-m+dp/hard\libc_nano.a(lib_a-nano-vfprintf_i.o)
                0x00000000080047bc                _printf_common
 *fill*         0x0000000008004896        0x2 
 .text._printf_i
                0x0000000008004898      0x24c c:/st/stm32cubeide_1.10.0/stm32cubeide/plugins/com.st.stm32cube.ide.mcu.externaltools.gnu-tools-for-stm32.10.3-2021.10.win32_1.0.100.202210260954/tools/bin/../lib/gcc/arm-none-eabi/10.3.1/../../../../arm-none-eabi/lib/thumb/v7e-m+dp/hard\libc_nano.a(lib_a-nano-vfprintf_i.o)
                0x0000000008004898                _printf_i
 .text.memmove  0x0000000008004ae4       0x34 c:/st/stm32cubeide_1.10.0/stm32cubeide/plugins/com.st.stm32cube.ide.mcu.externaltools.gnu-tools-for-stm32.10.3-2021.10.win32_1.0.100.202210260954/tools/bin/../lib/gcc/arm-none-eabi/10.3.1/../../../../arm-none-eabi/lib/thumb/v7e-m+dp/hard\libc_nano.a(lib_a-memmove.o)
                0x0000000008004ae4                memmove
 .text._free_r  0x0000000008004b18       0x98 c:/st/stm32cubeide_1.10.0/stm32cubeide/plugins/com.st.stm32cube.ide.mcu.externaltools.gnu-tools-for-stm32.10.3-2021.10.win32_1.0.100.202210260954/tools/bin/../lib/gcc/arm-none-eabi/10.3.1/../../../../arm-none-eabi/lib/thumb/v7e-m+dp/hard\libc_nano.a(lib_a-nano-freer.o)
                0x0000000008004b18                _free_r
 .text.sbrk_aligned
                0x0000000008004bb0       0x40 c:/st/stm32cubeide_1.10.0/stm32cubeide/plugins/com.st.stm32cube.ide.mcu.externaltools.gnu-tools-for-stm32.10.3-2021.10.win32_1.0.100.202210260954/tools/bin/../lib/gcc/arm-none-eabi/10.3.1/../../../../arm-none-eabi/lib/thumb/v7e-m+dp/hard\libc_nano.a(lib_a-nano-mallocr.o)
 .text._malloc_r
                0x0000000008004bf0       0xe8 c:/st/stm32cubeide_1.10.0/stm32cubeide/plugins/com.st.stm32cube.ide.mcu.externaltools.gnu-tools-for-stm32.10.3-2021.10.win32_1.0.100.202210260954/tools/bin/../lib/gcc/arm-none-eabi/10.3.1/../../../../arm-none-eabi/lib/thumb/v7e-m+dp/hard\libc_nano.a(lib_a-nano-mallocr.o)
                0x0000000008004bf0                _malloc_r
 .text._realloc_r
                0x0000000008004cd8       0x5e c:/st/stm32cubeide_1.10.0/stm32cubeide/plugins/com.st.stm32cube.ide.mcu.externaltools.gnu-tools-for-stm32.10.3-2021.10.win32_1.0.100.202210260954/tools/bin/../lib/gcc/arm-none-eabi/10.3.1/../../../../arm-none-eabi/lib/thumb/v7e-m+dp/hard\libc_nano.a(lib_a-nano-reallocr.o)
                0x0000000008004cd8                _realloc_r
 *fill*         0x0000000008004d36        0x2 
 .text._sbrk_r  0x0000000008004d38       0x20 c:/st/stm32cubeide_1.10.0/stm32cubeide/plugins/com.st.stm32cube.ide.mcu.externaltools.gnu-tools-for-stm32.10.3-2021.10.win32_1.0.100.202210260954/tools/bin/../lib/gcc/arm-none-eabi/10.3.1/../../../../arm-none-eabi/lib/thumb/v7e-m+dp/hard\libc_nano.a(lib_a-sbrkr.o)
                0x0000000008004d38                _sbrk_r
 .text.__malloc_lock
                0x0000000008004d58        0xc c:/st/stm32cubeide_1.10.0/stm32cubeide/plugins/com.st.stm32cube.ide.mcu.externaltools.gnu-tools-for-stm32.10.3-2021.10.win32_1.0.100.202210260954/tools/bin/../lib/gcc/arm-none-eabi/10.3.1/../../../../arm-none-eabi/lib/thumb/v7e-m+dp/hard\libc_nano.a(lib_a-mlock.o)
                0x0000000008004d58                __malloc_lock
 .text.__malloc_unlock
                0x0000000008004d64        0xc c:/st/stm32cubeide_1.10.0/stm32cubeide/plugins/com.st.stm32cube.ide.mcu.externaltools.gnu-tools-for-stm32.10.3-2021.10.win32_1.0.100.202210260954/tools/bin/../lib/gcc/arm-none-eabi/10.3.1/../../../../arm-none-eabi/lib/thumb/v7e-m+dp/hard\libc_nano.a(lib_a-mlock.o)
                0x0000000008004d64                __malloc_unlock
 .text._malloc_usable_size_r
                0x0000000008004d70       0x10 c:/st/stm32cubeide_1.10.0/stm32cubeide/plugins/com.st.stm32cube.ide.mcu.externaltools.gnu-tools-for-stm32.10.3-2021.10.win32_1.0.100.202210260954/tools/bin/../lib/gcc/arm-none-eabi/10.3.1/../../../../arm-none-eabi/lib/thumb/v7e-m+dp/hard\libc_nano.a(lib_a-nano-msizer.o)
                0x0000000008004d70                _malloc_usable_size_r
 .text.__retarget_lock_acquire_recursive
                0x0000000008004d80        0x2 c:/st/stm32cubeide_1.10.0/stm32cubeide/plugins/com.st.stm32cube.ide.mcu.externaltools.gnu-tools-for-stm32.10.3-2021.10.win32_1.0.100.202210260954/tools/bin/../lib/gcc/arm-none-eabi/10.3.1/../../../../arm-none-eabi/lib/thumb/v7e-m+dp/hard\libc_nano.a(lib_a-lock.o)
                0x0000000008004d80                __retarget_lock_acquire_recursive
 .text.__retarget_lock_release_recursive
                0x0000000008004d82        0x2 c:/st/stm32cubeide_1.10.0/stm32cubeide/plugins/com.st.stm32cube.ide.mcu.externaltools.gnu-tools-for-stm32.10.3-2021.10.win32_1.0.100.202210260954/tools/bin/../lib/gcc/arm-none-eabi/10.3.1/../../../../arm-none-eabi/lib/thumb/v7e-m+dp/hard\libc_nano.a(lib_a-lock.o)
                0x0000000008004d82                __retarget_lock_release_recursive
 *(.glue_7)
 .glue_7        0x0000000008004d84        0x0 linker stubs
 *(.glue_7t)
 .glue_7t       0x0000000008004d84        0x0 linker stubs
 *(.eh_frame)
 .eh_frame      0x0000000008004d84        0x0 c:/st/stm32cubeide_1.10.0/stm32cubeide/plugins/com.st.stm32cube.ide.mcu.externaltools.gnu-tools-for-stm32.10.3-2021.10.win32_1.0.100.202210260954/tools/bin/../lib/gcc/arm-none-eabi/10.3.1/thumb/v7e-m+dp/hard/crtbegin.o
 *(.init)
 .init          0x0000000008004d84        0x4 c:/st/stm32cubeide_1.10.0/stm32cubeide/plugins/com.st.stm32cube.ide.mcu.externaltools.gnu-tools-for-stm32.10.3-2021.10.win32_1.0.100.202210260954/tools/bin/../lib/gcc/arm-none-eabi/10.3.1/thumb/v7e-m+dp/hard/crti.o
                0x0000000008004d84                _init
 .init          0x0000000008004d88        0x8 c:/st/stm32cubeide_1.10.0/stm32cubeide/plugins/com.st.stm32cube.ide.mcu.externaltools.gnu-tools-for-stm32.10.3-2021.10.win32_1.0.100.202210260954/tools/bin/../lib/gcc/arm-none-eabi/10.3.1/thumb/v7e-m+dp/hard/crtn.o
 *(.fini)
 .fini          0x0000000008004d90        0x4 c:/st/stm32cubeide_1.10.0/stm32cubeide/plugins/com.st.stm32cube.ide.mcu.externaltools.gnu-tools-for-stm32.10.3-2021.10.win32_1.0.100.202210260954/tools/bin/../lib/gcc/arm-none-eabi/10.3.1/thumb/v7e-m+dp/hard/crti.o
                0x0000000008004d90                _fini
 .fini          0x0000000008004d94        0x8 c:/st/stm32cubeide_1.10.0/stm32cubeide/plugins/com.st.stm32cube.ide.mcu.externaltools.gnu-tools-for-stm32.10.3-2021.10.win32_1.0.100.202210260954/tools/bin/../lib/gcc/arm-none-eabi/10.3.1/thumb/v7e-m+dp/hard/crtn.o
                0x0000000008004d9c                . = ALIGN (0x4)
                0x0000000008004d9c                _etext = .

.vfp11_veneer   0x0000000008004d9c        0x0
 .vfp11_veneer  0x0000000008004d9c        0x0 linker stubs

.v4_bx          0x0000000008004d9c        0x0
 .v4_bx         0x0000000008004d9c        0x0 linker stubs

.iplt           0x0000000008004d9c        0x0
 .iplt          0x0000000008004d9c        0x0 c:/st/stm32cubeide_1.10.0/stm32cubeide/plugins/com.st.stm32cube.ide.mcu.externaltools.gnu-tools-for-stm32.10.3-2021.10.win32_1.0.100.202210260954/tools/bin/../lib/gcc/arm-none-eabi/10.3.1/thumb/v7e-m+dp/hard/crtbegin.o

.rodata         0x0000000008004d9c      0x164
                0x0000000008004d9c                . = ALIGN (0x4)
 *(.rodata)
 .rodata        0x0000000008004d9c       0x18 ./Core/Src/commands.o
 *(.rodata*)
 .rodata.AHBPrescTable
                0x0000000008004db4       0x10 ./Core/Src/system_stm32f7xx.o
                0x0000000008004db4                AHBPrescTable
 .rodata.APBPrescTable
                0x0000000008004dc4        0x8 ./Core/Src/system_stm32f7xx.o
                0x0000000008004dc4                APBPrescTable
 .rodata._ctype_
                0x0000000008004dcc      0x101 c:/st/stm32cubeide_1.10.0/stm32cubeide/plugins/com.st.stm32cube.ide.mcu.externaltools.gnu-tools-for-stm32.10.3-2021.10.win32_1.0.100.202210260954/tools/bin/../lib/gcc/arm-none-eabi/10.3.1/../../../../arm-none-eabi/lib/thumb/v7e-m+dp/hard\libc_nano.a(lib_a-ctype_.o)
                0x0000000008004dcc                _ctype_
 .rodata._svfprintf_r.str1.1
                0x0000000008004ecd       0x11 c:/st/stm32cubeide_1.10.0/stm32cubeide/plugins/com.st.stm32cube.ide.mcu.externaltools.gnu-tools-for-stm32.10.3-2021.10.win32_1.0.100.202210260954/tools/bin/../lib/gcc/arm-none-eabi/10.3.1/../../../../arm-none-eabi/lib/thumb/v7e-m+dp/hard\libc_nano.a(lib_a-nano-svfprintf.o)
 .rodata._printf_i.str1.1
                0x0000000008004ede       0x22 c:/st/stm32cubeide_1.10.0/stm32cubeide/plugins/com.st.stm32cube.ide.mcu.externaltools.gnu-tools-for-stm32.10.3-2021.10.win32_1.0.100.202210260954/tools/bin/../lib/gcc/arm-none-eabi/10.3.1/../../../../arm-none-eabi/lib/thumb/v7e-m+dp/hard\libc_nano.a(lib_a-nano-vfprintf_i.o)
                0x0000000008004f00                . = ALIGN (0x4)

.ARM.extab      0x0000000008004f00        0x0
                0x0000000008004f00                . = ALIGN (0x4)
 *(.ARM.extab* .gnu.linkonce.armextab.*)
                0x0000000008004f00                . = ALIGN (0x4)

.ARM            0x0000000008004f00        0x8
                0x0000000008004f00                . = ALIGN (0x4)
                0x0000000008004f00                __exidx_start = .
 *(.ARM.exidx*)
 .ARM.exidx     0x0000000008004f00        0x8 c:/st/stm32cubeide_1.10.0/stm32cubeide/plugins/com.st.stm32cube.ide.mcu.externaltools.gnu-tools-for-stm32.10.3-2021.10.win32_1.0.100.202210260954/tools/bin/../lib/gcc/arm-none-eabi/10.3.1/thumb/v7e-m+dp/hard\libgcc.a(_udivmoddi4.o)
                0x0000000008004f08                __exidx_end = .
                0x0000000008004f08                . = ALIGN (0x4)

.rel.dyn        0x0000000008004f08        0x0
 .rel.iplt      0x0000000008004f08        0x0 c:/st/stm32cubeide_1.10.0/stm32cubeide/plugins/com.st.stm32cube.ide.mcu.externaltools.gnu-tools-for-stm32.10.3-2021.10.win32_1.0.100.202210260954/tools/bin/../lib/gcc/arm-none-eabi/10.3.1/thumb/v7e-m+dp/hard/crtbegin.o

.preinit_array  0x0000000008004f08        0x0
                0x0000000008004f08                . = ALIGN (0x4)
                0x0000000008004f08                PROVIDE (__preinit_array_start = .)
 *(.preinit_array*)
                0x0000000008004f08                PROVIDE (__preinit_array_end = .)
                0x0000000008004f08                . = ALIGN (0x4)

.init_array     0x0000000008004f08        0x4
                0x0000000008004f08                . = ALIGN (0x4)
                0x0000000008004f08                PROVIDE (__init_array_start = .)
 *(SORT_BY_NAME(.init_array.*))
 *(.init_array*)
 .init_array    0x0000000008004f08        0x4 c:/st/stm32cubeide_1.10.0/stm32cubeide/plugins/com.st.stm32cube.ide.mcu.externaltools.gnu-tools-for-stm32.10.3-2021.10.win32_1.0.100.202210260954/tools/bin/../lib/gcc/arm-none-eabi/10.3.1/thumb/v7e-m+dp/hard/crtbegin.o
                0x0000000008004f0c                PROVIDE (__init_array_end = .)
                0x0000000008004f0c                . = ALIGN (0x4)

.fini_array     0x0000000008004f0c        0x4
                0x0000000008004f0c                . = ALIGN (0x4)
                [!provide]                        PROVIDE (__fini_array_start = .)
 *(SORT_BY_NAME(.fini_array.*))
 *(.fini_array*)
 .fini_array    0x0000000008004f0c        0x4 c:/st/stm32cubeide_1.10.0/stm32cubeide/plugins/com.st.stm32cube.ide.mcu.externaltools.gnu-tools-for-stm32.10.3-2021.10.win32_1.0.100.202210260954/tools/bin/../lib/gcc/arm-none-eabi/10.3.1/thumb/v7e-m+dp/hard/crtbegin.o
                [!provide]                        PROVIDE (__fini_array_end = .)
                0x0000000008004f10                . = ALIGN (0x4)
                0x0000000008004f10                _sidata = LOADADDR (.data)

.data           0x0000000020000000       0x70 load address 0x0000000008004f10
                0x0000000020000000                . = ALIGN (0x4)
                0x0000000020000000                _sdata = .
 *(.data)
 *(.data*)
 .data.SystemCoreClock
                0x0000000020000000        0x4 ./Core/Src/system_stm32f7xx.o
                0x0000000020000000                SystemCoreClock
 .data.uwTickPrio
                0x0000000020000004        0x4 ./Drivers/STM32F7xx_HAL_Driver/Src/stm32f7xx_hal.o
                0x0000000020000004                uwTickPrio
 .data.uwTickFreq
                0x0000000020000008        0x1 ./Drivers/STM32F7xx_HAL_Driver/Src/stm32f7xx_hal.o
                0x0000000020000008                uwTickFreq
 *fill*         0x0000000020000009        0x3 
 .data._impure_ptr
                0x000000002000000c        0x4 c:/st/stm32cubeide_1.10.0/stm32cubeide/plugins/com.st.stm32cube.ide.mcu.externaltools.gnu-tools-for-stm32.10.3-2021.10.win32_1.0.100.202210260954/tools/bin/../lib/gcc/arm-none-eabi/10.3.1/../../../../arm-none-eabi/lib/thumb/v7e-m+dp/hard\libc_nano.a(lib_a-impure.o)
                0x000000002000000c                _impure_ptr
 .data.impure_data
                0x0000000020000010       0x60 c:/st/stm32cubeide_1.10.0/stm32cubeide/plugins/com.st.stm32cube.ide.mcu.externaltools.gnu-tools-for-stm32.10.3-2021.10.win32_1.0.100.202210260954/tools/bin/../lib/gcc/arm-none-eabi/10.3.1/../../../../arm-none-eabi/lib/thumb/v7e-m+dp/hard\libc_nano.a(lib_a-impure.o)
 *(.RamFunc)
 *(.RamFunc*)
                0x0000000020000070                . = ALIGN (0x4)
                0x0000000020000070                _edata = .

.igot.plt       0x0000000020000070        0x0 load address 0x0000000008004f80
 .igot.plt      0x0000000020000070        0x0 c:/st/stm32cubeide_1.10.0/stm32cubeide/plugins/com.st.stm32cube.ide.mcu.externaltools.gnu-tools-for-stm32.10.3-2021.10.win32_1.0.100.202210260954/tools/bin/../lib/gcc/arm-none-eabi/10.3.1/thumb/v7e-m+dp/hard/crtbegin.o
                0x0000000020000070                . = ALIGN (0x4)

.bss            0x0000000020000070      0xadc load address 0x0000000008004f80
                0x0000000020000070                _sbss = .
                0x0000000020000070                __bss_start__ = _sbss
 *(.bss)
 .bss           0x0000000020000070       0x1c c:/st/stm32cubeide_1.10.0/stm32cubeide/plugins/com.st.stm32cube.ide.mcu.externaltools.gnu-tools-for-stm32.10.3-2021.10.win32_1.0.100.202210260954/tools/bin/../lib/gcc/arm-none-eabi/10.3.1/thumb/v7e-m+dp/hard/crtbegin.o
 *(.bss*)
 .bss.Tx        0x000000002000008c      0x508 ./Core/Src/main.o
                0x000000002000008c                Tx
 .bss.Rx        0x0000000020000594      0x508 ./Core/Src/main.o
                0x0000000020000594                Rx
 .bss.frame     0x0000000020000a9c        0xf ./Core/Src/main.o
                0x0000000020000a9c                frame
 *fill*         0x0000000020000aab        0x1 
 .bss.__sbrk_heap_end
                0x0000000020000aac        0x4 ./Core/Src/sysmem.o
 .bss.huart3    0x0000000020000ab0       0x88 ./Core/Src/usart.o
                0x0000000020000ab0                huart3
 .bss.uwTick    0x0000000020000b38        0x4 ./Drivers/STM32F7xx_HAL_Driver/Src/stm32f7xx_hal.o
                0x0000000020000b38                uwTick
 .bss.__malloc_free_list
                0x0000000020000b3c        0x4 c:/st/stm32cubeide_1.10.0/stm32cubeide/plugins/com.st.stm32cube.ide.mcu.externaltools.gnu-tools-for-stm32.10.3-2021.10.win32_1.0.100.202210260954/tools/bin/../lib/gcc/arm-none-eabi/10.3.1/../../../../arm-none-eabi/lib/thumb/v7e-m+dp/hard\libc_nano.a(lib_a-nano-mallocr.o)
                0x0000000020000b3c                __malloc_free_list
 .bss.__malloc_sbrk_start
                0x0000000020000b40        0x4 c:/st/stm32cubeide_1.10.0/stm32cubeide/plugins/com.st.stm32cube.ide.mcu.externaltools.gnu-tools-for-stm32.10.3-2021.10.win32_1.0.100.202210260954/tools/bin/../lib/gcc/arm-none-eabi/10.3.1/../../../../arm-none-eabi/lib/thumb/v7e-m+dp/hard\libc_nano.a(lib_a-nano-mallocr.o)
                0x0000000020000b40                __malloc_sbrk_start
 .bss.errno     0x0000000020000b44        0x4 c:/st/stm32cubeide_1.10.0/stm32cubeide/plugins/com.st.stm32cube.ide.mcu.externaltools.gnu-tools-for-stm32.10.3-2021.10.win32_1.0.100.202210260954/tools/bin/../lib/gcc/arm-none-eabi/10.3.1/../../../../arm-none-eabi/lib/thumb/v7e-m+dp/hard\libc_nano.a(lib_a-reent.o)
                0x0000000020000b44                errno
 .bss.__lock___malloc_recursive_mutex
                0x0000000020000b48        0x1 c:/st/stm32cubeide_1.10.0/stm32cubeide/plugins/com.st.stm32cube.ide.mcu.externaltools.gnu-tools-for-stm32.10.3-2021.10.win32_1.0.100.202210260954/tools/bin/../lib/gcc/arm-none-eabi/10.3.1/../../../../arm-none-eabi/lib/thumb/v7e-m+dp/hard\libc_nano.a(lib_a-lock.o)
                0x0000000020000b48                __lock___malloc_recursive_mutex
 *(COMMON)
                0x0000000020000b4c                . = ALIGN (0x4)
 *fill*         0x0000000020000b49        0x3 
                0x0000000020000b4c                _ebss = .
                0x0000000020000b4c                __bss_end__ = _ebss

._user_heap_stack
                0x0000000020000b4c      0x604 load address 0x0000000008004f80
                0x0000000020000b50                . = ALIGN (0x8)
 *fill*         0x0000000020000b4c        0x4 
                [!provide]                        PROVIDE (end = .)
                0x0000000020000b50                PROVIDE (_end = .)
                0x0000000020000d50                . = (. + _Min_Heap_Size)
 *fill*         0x0000000020000b50      0x200 
                0x0000000020001150                . = (. + _Min_Stack_Size)
 *fill*         0x0000000020000d50      0x400 
                0x0000000020001150                . = ALIGN (0x8)

/DISCARD/
 libc.a(*)
 libm.a(*)
 libgcc.a(*)

.ARM.attributes
                0x0000000000000000       0x2e
 *(.ARM.attributes)
 .ARM.attributes
                0x0000000000000000       0x1e c:/st/stm32cubeide_1.10.0/stm32cubeide/plugins/com.st.stm32cube.ide.mcu.externaltools.gnu-tools-for-stm32.10.3-2021.10.win32_1.0.100.202210260954/tools/bin/../lib/gcc/arm-none-eabi/10.3.1/thumb/v7e-m+dp/hard/crti.o
 .ARM.attributes
                0x000000000000001e       0x32 c:/st/stm32cubeide_1.10.0/stm32cubeide/plugins/com.st.stm32cube.ide.mcu.externaltools.gnu-tools-for-stm32.10.3-2021.10.win32_1.0.100.202210260954/tools/bin/../lib/gcc/arm-none-eabi/10.3.1/thumb/v7e-m+dp/hard/crtbegin.o
 .ARM.attributes
                0x0000000000000050       0x32 ./Core/Src/commands.o
 .ARM.attributes
                0x0000000000000082       0x32 ./Core/Src/gpio.o
 .ARM.attributes
                0x00000000000000b4       0x32 ./Core/Src/main.o
 .ARM.attributes
                0x00000000000000e6       0x32 ./Core/Src/protocol.o
 .ARM.attributes
                0x0000000000000118       0x32 ./Core/Src/stm32f7xx_hal_msp.o
 .ARM.attributes
                0x000000000000014a       0x32 ./Core/Src/stm32f7xx_it.o
 .ARM.attributes
                0x000000000000017c       0x32 ./Core/Src/sysmem.o
 .ARM.attributes
                0x00000000000001ae       0x32 ./Core/Src/system_stm32f7xx.o
 .ARM.attributes
                0x00000000000001e0       0x32 ./Core/Src/usart.o
 .ARM.attributes
                0x0000000000000212       0x21 ./Core/Startup/startup_stm32f767zitx.o
 .ARM.attributes
                0x0000000000000233       0x32 ./Drivers/STM32F7xx_HAL_Driver/Src/stm32f7xx_hal.o
 .ARM.attributes
                0x0000000000000265       0x32 ./Drivers/STM32F7xx_HAL_Driver/Src/stm32f7xx_hal_cortex.o
 .ARM.attributes
                0x0000000000000297       0x32 ./Drivers/STM32F7xx_HAL_Driver/Src/stm32f7xx_hal_dma.o
 .ARM.attributes
                0x00000000000002c9       0x32 ./Drivers/STM32F7xx_HAL_Driver/Src/stm32f7xx_hal_gpio.o
 .ARM.attributes
                0x00000000000002fb       0x32 ./Drivers/STM32F7xx_HAL_Driver/Src/stm32f7xx_hal_pwr.o
 .ARM.attributes
                0x000000000000032d       0x32 ./Drivers/STM32F7xx_HAL_Driver/Src/stm32f7xx_hal_pwr_ex.o
 .ARM.attributes
                0x000000000000035f       0x32 ./Drivers/STM32F7xx_HAL_Driver/Src/stm32f7xx_hal_rcc.o
 .ARM.attributes
                0x0000000000000391       0x32 ./Drivers/STM32F7xx_HAL_Driver/Src/stm32f7xx_hal_rcc_ex.o
 .ARM.attributes
                0x00000000000003c3       0x32 ./Drivers/STM32F7xx_HAL_Driver/Src/stm32f7xx_hal_uart.o
 .ARM.attributes
                0x00000000000003f5       0x32 c:/st/stm32cubeide_1.10.0/stm32cubeide/plugins/com.st.stm32cube.ide.mcu.externaltools.gnu-tools-for-stm32.10.3-2021.10.win32_1.0.100.202210260954/tools/bin/../lib/gcc/arm-none-eabi/10.3.1/../../../../arm-none-eabi/lib/thumb/v7e-m+dp/hard\libc_nano.a(lib_a-atoi.o)
 .ARM.attributes
                0x0000000000000427       0x32 c:/st/stm32cubeide_1.10.0/stm32cubeide/plugins/com.st.stm32cube.ide.mcu.externaltools.gnu-tools-for-stm32.10.3-2021.10.win32_1.0.100.202210260954/tools/bin/../lib/gcc/arm-none-eabi/10.3.1/../../../../arm-none-eabi/lib/thumb/v7e-m+dp/hard\libc_nano.a(lib_a-errno.o)
 .ARM.attributes
                0x0000000000000459       0x32 c:/st/stm32cubeide_1.10.0/stm32cubeide/plugins/com.st.stm32cube.ide.mcu.externaltools.gnu-tools-for-stm32.10.3-2021.10.win32_1.0.100.202210260954/tools/bin/../lib/gcc/arm-none-eabi/10.3.1/../../../../arm-none-eabi/lib/thumb/v7e-m+dp/hard\libc_nano.a(lib_a-impure.o)
 .ARM.attributes
                0x000000000000048b       0x32 c:/st/stm32cubeide_1.10.0/stm32cubeide/plugins/com.st.stm32cube.ide.mcu.externaltools.gnu-tools-for-stm32.10.3-2021.10.win32_1.0.100.202210260954/tools/bin/../lib/gcc/arm-none-eabi/10.3.1/../../../../arm-none-eabi/lib/thumb/v7e-m+dp/hard\libc_nano.a(lib_a-init.o)
 .ARM.attributes
                0x00000000000004bd       0x32 c:/st/stm32cubeide_1.10.0/stm32cubeide/plugins/com.st.stm32cube.ide.mcu.externaltools.gnu-tools-for-stm32.10.3-2021.10.win32_1.0.100.202210260954/tools/bin/../lib/gcc/arm-none-eabi/10.3.1/../../../../arm-none-eabi/lib/thumb/v7e-m+dp/hard\libc_nano.a(lib_a-memcpy-stub.o)
 .ARM.attributes
                0x00000000000004ef       0x32 c:/st/stm32cubeide_1.10.0/stm32cubeide/plugins/com.st.stm32cube.ide.mcu.externaltools.gnu-tools-for-stm32.10.3-2021.10.win32_1.0.100.202210260954/tools/bin/../lib/gcc/arm-none-eabi/10.3.1/../../../../arm-none-eabi/lib/thumb/v7e-m+dp/hard\libc_nano.a(lib_a-memset.o)
 .ARM.attributes
                0x0000000000000521       0x1c c:/st/stm32cubeide_1.10.0/stm32cubeide/plugins/com.st.stm32cube.ide.mcu.externaltools.gnu-tools-for-stm32.10.3-2021.10.win32_1.0.100.202210260954/tools/bin/../lib/gcc/arm-none-eabi/10.3.1/../../../../arm-none-eabi/lib/thumb/v7e-m+dp/hard\libc_nano.a(lib_a-strcmp.o)
 .ARM.attributes
                0x000000000000053d       0x17 c:/st/stm32cubeide_1.10.0/stm32cubeide/plugins/com.st.stm32cube.ide.mcu.externaltools.gnu-tools-for-stm32.10.3-2021.10.win32_1.0.100.202210260954/tools/bin/../lib/gcc/arm-none-eabi/10.3.1/../../../../arm-none-eabi/lib/thumb/v7e-m+dp/hard\libc_nano.a(lib_a-strlen.o)
 .ARM.attributes
                0x0000000000000554       0x32 c:/st/stm32cubeide_1.10.0/stm32cubeide/plugins/com.st.stm32cube.ide.mcu.externaltools.gnu-tools-for-stm32.10.3-2021.10.win32_1.0.100.202210260954/tools/bin/../lib/gcc/arm-none-eabi/10.3.1/../../../../arm-none-eabi/lib/thumb/v7e-m+dp/hard\libc_nano.a(lib_a-strtol.o)
 .ARM.attributes
                0x0000000000000586       0x32 c:/st/stm32cubeide_1.10.0/stm32cubeide/plugins/com.st.stm32cube.ide.mcu.externaltools.gnu-tools-for-stm32.10.3-2021.10.win32_1.0.100.202210260954/tools/bin/../lib/gcc/arm-none-eabi/10.3.1/../../../../arm-none-eabi/lib/thumb/v7e-m+dp/hard\libc_nano.a(lib_a-vsprintf.o)
 .ARM.attributes
                0x00000000000005b8       0x32 c:/st/stm32cubeide_1.10.0/stm32cubeide/plugins/com.st.stm32cube.ide.mcu.externaltools.gnu-tools-for-stm32.10.3-2021.10.win32_1.0.100.202210260954/tools/bin/../lib/gcc/arm-none-eabi/10.3.1/../../../../arm-none-eabi/lib/thumb/v7e-m+dp/hard\libc_nano.a(lib_a-ctype_.o)
 .ARM.attributes
                0x00000000000005ea       0x32 c:/st/stm32cubeide_1.10.0/stm32cubeide/plugins/com.st.stm32cube.ide.mcu.externaltools.gnu-tools-for-stm32.10.3-2021.10.win32_1.0.100.202210260954/tools/bin/../lib/gcc/arm-none-eabi/10.3.1/../../../../arm-none-eabi/lib/thumb/v7e-m+dp/hard\libc_nano.a(lib_a-nano-svfprintf.o)
 .ARM.attributes
                0x000000000000061c       0x32 c:/st/stm32cubeide_1.10.0/stm32cubeide/plugins/com.st.stm32cube.ide.mcu.externaltools.gnu-tools-for-stm32.10.3-2021.10.win32_1.0.100.202210260954/tools/bin/../lib/gcc/arm-none-eabi/10.3.1/../../../../arm-none-eabi/lib/thumb/v7e-m+dp/hard\libc_nano.a(lib_a-nano-vfprintf_i.o)
 .ARM.attributes
                0x000000000000064e       0x1c c:/st/stm32cubeide_1.10.0/stm32cubeide/plugins/com.st.stm32cube.ide.mcu.externaltools.gnu-tools-for-stm32.10.3-2021.10.win32_1.0.100.202210260954/tools/bin/../lib/gcc/arm-none-eabi/10.3.1/../../../../arm-none-eabi/lib/thumb/v7e-m+dp/hard\libc_nano.a(lib_a-memchr.o)
 .ARM.attributes
                0x000000000000066a       0x32 c:/st/stm32cubeide_1.10.0/stm32cubeide/plugins/com.st.stm32cube.ide.mcu.externaltools.gnu-tools-for-stm32.10.3-2021.10.win32_1.0.100.202210260954/tools/bin/../lib/gcc/arm-none-eabi/10.3.1/../../../../arm-none-eabi/lib/thumb/v7e-m+dp/hard\libc_nano.a(lib_a-memmove.o)
 .ARM.attributes
                0x000000000000069c       0x32 c:/st/stm32cubeide_1.10.0/stm32cubeide/plugins/com.st.stm32cube.ide.mcu.externaltools.gnu-tools-for-stm32.10.3-2021.10.win32_1.0.100.202210260954/tools/bin/../lib/gcc/arm-none-eabi/10.3.1/../../../../arm-none-eabi/lib/thumb/v7e-m+dp/hard\libc_nano.a(lib_a-nano-freer.o)
 .ARM.attributes
                0x00000000000006ce       0x32 c:/st/stm32cubeide_1.10.0/stm32cubeide/plugins/com.st.stm32cube.ide.mcu.externaltools.gnu-tools-for-stm32.10.3-2021.10.win32_1.0.100.202210260954/tools/bin/../lib/gcc/arm-none-eabi/10.3.1/../../../../arm-none-eabi/lib/thumb/v7e-m+dp/hard\libc_nano.a(lib_a-nano-mallocr.o)
 .ARM.attributes
                0x0000000000000700       0x32 c:/st/stm32cubeide_1.10.0/stm32cubeide/plugins/com.st.stm32cube.ide.mcu.externaltools.gnu-tools-for-stm32.10.3-2021.10.win32_1.0.100.202210260954/tools/bin/../lib/gcc/arm-none-eabi/10.3.1/../../../../arm-none-eabi/lib/thumb/v7e-m+dp/hard\libc_nano.a(lib_a-nano-reallocr.o)
 .ARM.attributes
                0x0000000000000732       0x32 c:/st/stm32cubeide_1.10.0/stm32cubeide/plugins/com.st.stm32cube.ide.mcu.externaltools.gnu-tools-for-stm32.10.3-2021.10.win32_1.0.100.202210260954/tools/bin/../lib/gcc/arm-none-eabi/10.3.1/../../../../arm-none-eabi/lib/thumb/v7e-m+dp/hard\libc_nano.a(lib_a-sbrkr.o)
 .ARM.attributes
                0x0000000000000764       0x32 c:/st/stm32cubeide_1.10.0/stm32cubeide/plugins/com.st.stm32cube.ide.mcu.externaltools.gnu-tools-for-stm32.10.3-2021.10.win32_1.0.100.202210260954/tools/bin/../lib/gcc/arm-none-eabi/10.3.1/../../../../arm-none-eabi/lib/thumb/v7e-m+dp/hard\libc_nano.a(lib_a-mlock.o)
 .ARM.attributes
                0x0000000000000796       0x32 c:/st/stm32cubeide_1.10.0/stm32cubeide/plugins/com.st.stm32cube.ide.mcu.externaltools.gnu-tools-for-stm32.10.3-2021.10.win32_1.0.100.202210260954/tools/bin/../lib/gcc/arm-none-eabi/10.3.1/../../../../arm-none-eabi/lib/thumb/v7e-m+dp/hard\libc_nano.a(lib_a-nano-msizer.o)
 .ARM.attributes
                0x00000000000007c8       0x32 c:/st/stm32cubeide_1.10.0/stm32cubeide/plugins/com.st.stm32cube.ide.mcu.externaltools.gnu-tools-for-stm32.10.3-2021.10.win32_1.0.100.202210260954/tools/bin/../lib/gcc/arm-none-eabi/10.3.1/../../../../arm-none-eabi/lib/thumb/v7e-m+dp/hard\libc_nano.a(lib_a-reent.o)
 .ARM.attributes
                0x00000000000007fa       0x32 c:/st/stm32cubeide_1.10.0/stm32cubeide/plugins/com.st.stm32cube.ide.mcu.externaltools.gnu-tools-for-stm32.10.3-2021.10.win32_1.0.100.202210260954/tools/bin/../lib/gcc/arm-none-eabi/10.3.1/../../../../arm-none-eabi/lib/thumb/v7e-m+dp/hard\libc_nano.a(lib_a-lock.o)
 .ARM.attributes
                0x000000000000082c       0x1e c:/st/stm32cubeide_1.10.0/stm32cubeide/plugins/com.st.stm32cube.ide.mcu.externaltools.gnu-tools-for-stm32.10.3-2021.10.win32_1.0.100.202210260954/tools/bin/../lib/gcc/arm-none-eabi/10.3.1/thumb/v7e-m+dp/hard\libgcc.a(_aeabi_uldivmod.o)
 .ARM.attributes
                0x000000000000084a       0x32 c:/st/stm32cubeide_1.10.0/stm32cubeide/plugins/com.st.stm32cube.ide.mcu.externaltools.gnu-tools-for-stm32.10.3-2021.10.win32_1.0.100.202210260954/tools/bin/../lib/gcc/arm-none-eabi/10.3.1/thumb/v7e-m+dp/hard\libgcc.a(_udivmoddi4.o)
 .ARM.attributes
                0x000000000000087c       0x1e c:/st/stm32cubeide_1.10.0/stm32cubeide/plugins/com.st.stm32cube.ide.mcu.externaltools.gnu-tools-for-stm32.10.3-2021.10.win32_1.0.100.202210260954/tools/bin/../lib/gcc/arm-none-eabi/10.3.1/thumb/v7e-m+dp/hard\libgcc.a(_dvmd_tls.o)
 .ARM.attributes
                0x000000000000089a       0x1e c:/st/stm32cubeide_1.10.0/stm32cubeide/plugins/com.st.stm32cube.ide.mcu.externaltools.gnu-tools-for-stm32.10.3-2021.10.win32_1.0.100.202210260954/tools/bin/../lib/gcc/arm-none-eabi/10.3.1/thumb/v7e-m+dp/hard/crtn.o
OUTPUT(F767_2.elf elf32-littlearm)
LOAD linker stubs
LOAD c:/st/stm32cubeide_1.10.0/stm32cubeide/plugins/com.st.stm32cube.ide.mcu.externaltools.gnu-tools-for-stm32.10.3-2021.10.win32_1.0.100.202210260954/tools/bin/../lib/gcc/arm-none-eabi/10.3.1/../../../../arm-none-eabi/lib/thumb/v7e-m+dp/hard\libc.a
LOAD c:/st/stm32cubeide_1.10.0/stm32cubeide/plugins/com.st.stm32cube.ide.mcu.externaltools.gnu-tools-for-stm32.10.3-2021.10.win32_1.0.100.202210260954/tools/bin/../lib/gcc/arm-none-eabi/10.3.1/../../../../arm-none-eabi/lib/thumb/v7e-m+dp/hard\libm.a
LOAD c:/st/stm32cubeide_1.10.0/stm32cubeide/plugins/com.st.stm32cube.ide.mcu.externaltools.gnu-tools-for-stm32.10.3-2021.10.win32_1.0.100.202210260954/tools/bin/../lib/gcc/arm-none-eabi/10.3.1/thumb/v7e-m+dp/hard\libgcc.a

.debug_info     0x0000000000000000     0xc927
 .debug_info    0x0000000000000000      0x1dc ./Core/Src/commands.o
 .debug_info    0x00000000000001dc      0x4ed ./Core/Src/gpio.o
 .debug_info    0x00000000000006c9      0xf19 ./Core/Src/main.o
 .debug_info    0x00000000000015e2      0x2cf ./Core/Src/protocol.o
 .debug_info    0x00000000000018b1      0x2d2 ./Core/Src/stm32f7xx_hal_msp.o
 .debug_info    0x0000000000001b83      0x76f ./Core/Src/stm32f7xx_it.o
 .debug_info    0x00000000000022f2      0x171 ./Core/Src/sysmem.o
 .debug_info    0x0000000000002463      0x72c ./Core/Src/system_stm32f7xx.o
 .debug_info    0x0000000000002b8f     0x104a ./Core/Src/usart.o
 .debug_info    0x0000000000003bd9       0x22 ./Core/Startup/startup_stm32f767zitx.o
 .debug_info    0x0000000000003bfb      0xa82 ./Drivers/STM32F7xx_HAL_Driver/Src/stm32f7xx_hal.o
 .debug_info    0x000000000000467d     0x109c ./Drivers/STM32F7xx_HAL_Driver/Src/stm32f7xx_hal_cortex.o
 .debug_info    0x0000000000005719      0x94f ./Drivers/STM32F7xx_HAL_Driver/Src/stm32f7xx_hal_dma.o
 .debug_info    0x0000000000006068      0x7a2 ./Drivers/STM32F7xx_HAL_Driver/Src/stm32f7xx_hal_gpio.o
 .debug_info    0x000000000000680a      0x978 ./Drivers/STM32F7xx_HAL_Driver/Src/stm32f7xx_hal_pwr.o
 .debug_info    0x0000000000007182      0x92e ./Drivers/STM32F7xx_HAL_Driver/Src/stm32f7xx_hal_pwr_ex.o
 .debug_info    0x0000000000007ab0      0x9f8 ./Drivers/STM32F7xx_HAL_Driver/Src/stm32f7xx_hal_rcc.o
 .debug_info    0x00000000000084a8      0x78b ./Drivers/STM32F7xx_HAL_Driver/Src/stm32f7xx_hal_rcc_ex.o
 .debug_info    0x0000000000008c33     0x3cf4 ./Drivers/STM32F7xx_HAL_Driver/Src/stm32f7xx_hal_uart.o

.debug_abbrev   0x0000000000000000     0x2140
 .debug_abbrev  0x0000000000000000      0x107 ./Core/Src/commands.o
 .debug_abbrev  0x0000000000000107      0x146 ./Core/Src/gpio.o
 .debug_abbrev  0x000000000000024d      0x31c ./Core/Src/main.o
 .debug_abbrev  0x0000000000000569      0x178 ./Core/Src/protocol.o
 .debug_abbrev  0x00000000000006e1       0xd4 ./Core/Src/stm32f7xx_hal_msp.o
 .debug_abbrev  0x00000000000007b5      0x166 ./Core/Src/stm32f7xx_it.o
 .debug_abbrev  0x000000000000091b       0xbb ./Core/Src/sysmem.o
 .debug_abbrev  0x00000000000009d6      0x136 ./Core/Src/system_stm32f7xx.o
 .debug_abbrev  0x0000000000000b0c      0x205 ./Core/Src/usart.o
 .debug_abbrev  0x0000000000000d11       0x12 ./Core/Startup/startup_stm32f767zitx.o
 .debug_abbrev  0x0000000000000d23      0x20d ./Drivers/STM32F7xx_HAL_Driver/Src/stm32f7xx_hal.o
 .debug_abbrev  0x0000000000000f30      0x316 ./Drivers/STM32F7xx_HAL_Driver/Src/stm32f7xx_hal_cortex.o
 .debug_abbrev  0x0000000000001246      0x25b ./Drivers/STM32F7xx_HAL_Driver/Src/stm32f7xx_hal_dma.o
 .debug_abbrev  0x00000000000014a1      0x1c4 ./Drivers/STM32F7xx_HAL_Driver/Src/stm32f7xx_hal_gpio.o
 .debug_abbrev  0x0000000000001665      0x1b8 ./Drivers/STM32F7xx_HAL_Driver/Src/stm32f7xx_hal_pwr.o
 .debug_abbrev  0x000000000000181d      0x1cb ./Drivers/STM32F7xx_HAL_Driver/Src/stm32f7xx_hal_pwr_ex.o
 .debug_abbrev  0x00000000000019e8      0x2d1 ./Drivers/STM32F7xx_HAL_Driver/Src/stm32f7xx_hal_rcc.o
 .debug_abbrev  0x0000000000001cb9      0x1b9 ./Drivers/STM32F7xx_HAL_Driver/Src/stm32f7xx_hal_rcc_ex.o
 .debug_abbrev  0x0000000000001e72      0x2ce ./Drivers/STM32F7xx_HAL_Driver/Src/stm32f7xx_hal_uart.o

.debug_aranges  0x0000000000000000      0x910
 .debug_aranges
                0x0000000000000000       0x20 ./Core/Src/commands.o
 .debug_aranges
                0x0000000000000020       0x20 ./Core/Src/gpio.o
 .debug_aranges
                0x0000000000000040       0x48 ./Core/Src/main.o
 .debug_aranges
                0x0000000000000088       0x28 ./Core/Src/protocol.o
 .debug_aranges
                0x00000000000000b0       0x20 ./Core/Src/stm32f7xx_hal_msp.o
 .debug_aranges
                0x00000000000000d0       0x68 ./Core/Src/stm32f7xx_it.o
 .debug_aranges
                0x0000000000000138       0x20 ./Core/Src/sysmem.o
 .debug_aranges
                0x0000000000000158       0x28 ./Core/Src/system_stm32f7xx.o
 .debug_aranges
                0x0000000000000180       0x30 ./Core/Src/usart.o
 .debug_aranges
                0x00000000000001b0       0x28 ./Core/Startup/startup_stm32f767zitx.o
 .debug_aranges
                0x00000000000001d8      0x110 ./Drivers/STM32F7xx_HAL_Driver/Src/stm32f7xx_hal.o
 .debug_aranges
                0x00000000000002e8      0x118 ./Drivers/STM32F7xx_HAL_Driver/Src/stm32f7xx_hal_cortex.o
 .debug_aranges
                0x0000000000000400       0x90 ./Drivers/STM32F7xx_HAL_Driver/Src/stm32f7xx_hal_dma.o
 .debug_aranges
                0x0000000000000490       0x58 ./Drivers/STM32F7xx_HAL_Driver/Src/stm32f7xx_hal_gpio.o
 .debug_aranges
                0x00000000000004e8       0xa0 ./Drivers/STM32F7xx_HAL_Driver/Src/stm32f7xx_hal_pwr.o
 .debug_aranges
                0x0000000000000588       0x80 ./Drivers/STM32F7xx_HAL_Driver/Src/stm32f7xx_hal_pwr_ex.o
 .debug_aranges
                0x0000000000000608       0x88 ./Drivers/STM32F7xx_HAL_Driver/Src/stm32f7xx_hal_rcc.o
 .debug_aranges
                0x0000000000000690       0x50 ./Drivers/STM32F7xx_HAL_Driver/Src/stm32f7xx_hal_rcc_ex.o
 .debug_aranges
                0x00000000000006e0      0x230 ./Drivers/STM32F7xx_HAL_Driver/Src/stm32f7xx_hal_uart.o

.debug_ranges   0x0000000000000000      0x818
 .debug_ranges  0x0000000000000000       0x10 ./Core/Src/commands.o
 .debug_ranges  0x0000000000000010       0x10 ./Core/Src/gpio.o
 .debug_ranges  0x0000000000000020       0x38 ./Core/Src/main.o
 .debug_ranges  0x0000000000000058       0x18 ./Core/Src/protocol.o
 .debug_ranges  0x0000000000000070       0x10 ./Core/Src/stm32f7xx_hal_msp.o
 .debug_ranges  0x0000000000000080       0x58 ./Core/Src/stm32f7xx_it.o
 .debug_ranges  0x00000000000000d8       0x10 ./Core/Src/sysmem.o
 .debug_ranges  0x00000000000000e8       0x18 ./Core/Src/system_stm32f7xx.o
 .debug_ranges  0x0000000000000100       0x20 ./Core/Src/usart.o
 .debug_ranges  0x0000000000000120       0x20 ./Core/Startup/startup_stm32f767zitx.o
 .debug_ranges  0x0000000000000140      0x100 ./Drivers/STM32F7xx_HAL_Driver/Src/stm32f7xx_hal.o
 .debug_ranges  0x0000000000000240      0x108 ./Drivers/STM32F7xx_HAL_Driver/Src/stm32f7xx_hal_cortex.o
 .debug_ranges  0x0000000000000348       0x80 ./Drivers/STM32F7xx_HAL_Driver/Src/stm32f7xx_hal_dma.o
 .debug_ranges  0x00000000000003c8       0x48 ./Drivers/STM32F7xx_HAL_Driver/Src/stm32f7xx_hal_gpio.o
 .debug_ranges  0x0000000000000410       0x90 ./Drivers/STM32F7xx_HAL_Driver/Src/stm32f7xx_hal_pwr.o
 .debug_ranges  0x00000000000004a0       0x70 ./Drivers/STM32F7xx_HAL_Driver/Src/stm32f7xx_hal_pwr_ex.o
 .debug_ranges  0x0000000000000510       0x78 ./Drivers/STM32F7xx_HAL_Driver/Src/stm32f7xx_hal_rcc.o
 .debug_ranges  0x0000000000000588       0x40 ./Drivers/STM32F7xx_HAL_Driver/Src/stm32f7xx_hal_rcc_ex.o
 .debug_ranges  0x00000000000005c8      0x250 ./Drivers/STM32F7xx_HAL_Driver/Src/stm32f7xx_hal_uart.o

.debug_macro    0x0000000000000000    0x27f29
 .debug_macro   0x0000000000000000      0x19d ./Core/Src/commands.o
 .debug_macro   0x000000000000019d      0xa90 ./Core/Src/commands.o
 .debug_macro   0x0000000000000c2d       0x22 ./Core/Src/commands.o
 .debug_macro   0x0000000000000c4f       0x4c ./Core/Src/commands.o
 .debug_macro   0x0000000000000c9b       0x1d ./Core/Src/commands.o
 .debug_macro   0x0000000000000cb8       0x94 ./Core/Src/commands.o
 .debug_macro   0x0000000000000d4c       0x3c ./Core/Src/commands.o
 .debug_macro   0x0000000000000d88      0x103 ./Core/Src/commands.o
 .debug_macro   0x0000000000000e8b       0x3a ./Core/Src/commands.o
 .debug_macro   0x0000000000000ec5       0x57 ./Core/Src/commands.o
 .debug_macro   0x0000000000000f1c       0x6a ./Core/Src/commands.o
 .debug_macro   0x0000000000000f86      0x1df ./Core/Src/commands.o
 .debug_macro   0x0000000000001165       0x82 ./Core/Src/commands.o
 .debug_macro   0x00000000000011e7      0x460 ./Core/Src/commands.o
 .debug_macro   0x0000000000001647       0x34 ./Core/Src/commands.o
 .debug_macro   0x000000000000167b       0x22 ./Core/Src/commands.o
 .debug_macro   0x000000000000169d       0x10 ./Core/Src/commands.o
 .debug_macro   0x00000000000016ad      0x104 ./Core/Src/commands.o
 .debug_macro   0x00000000000017b1       0x16 ./Core/Src/commands.o
 .debug_macro   0x00000000000017c7       0x43 ./Core/Src/commands.o
 .debug_macro   0x000000000000180a       0x34 ./Core/Src/commands.o
 .debug_macro   0x000000000000183e       0x10 ./Core/Src/commands.o
 .debug_macro   0x000000000000184e       0x58 ./Core/Src/commands.o
 .debug_macro   0x00000000000018a6       0x71 ./Core/Src/commands.o
 .debug_macro   0x0000000000001917       0x1c ./Core/Src/commands.o
 .debug_macro   0x0000000000001933      0x12a ./Core/Src/commands.o
 .debug_macro   0x0000000000001a5d      0x341 ./Core/Src/commands.o
 .debug_macro   0x0000000000001d9e       0x10 ./Core/Src/commands.o
 .debug_macro   0x0000000000001dae       0x35 ./Core/Src/commands.o
 .debug_macro   0x0000000000001de3       0x20 ./Core/Src/commands.o
 .debug_macro   0x0000000000001e03       0x16 ./Core/Src/commands.o
 .debug_macro   0x0000000000001e19       0x16 ./Core/Src/commands.o
 .debug_macro   0x0000000000001e2f       0x29 ./Core/Src/commands.o
 .debug_macro   0x0000000000001e58      0x1e8 ./Core/Src/gpio.o
 .debug_macro   0x0000000000002040      0x28d ./Core/Src/gpio.o
 .debug_macro   0x00000000000022cd       0x2e ./Core/Src/gpio.o
 .debug_macro   0x00000000000022fb       0x3b ./Core/Src/gpio.o
 .debug_macro   0x0000000000002336       0x8e ./Core/Src/gpio.o
 .debug_macro   0x00000000000023c4       0x51 ./Core/Src/gpio.o
 .debug_macro   0x0000000000002415       0x1c ./Core/Src/gpio.o
 .debug_macro   0x0000000000002431       0x22 ./Core/Src/gpio.o
 .debug_macro   0x0000000000002453       0xd9 ./Core/Src/gpio.o
 .debug_macro   0x000000000000252c     0x12cd ./Core/Src/gpio.o
 .debug_macro   0x00000000000037f9      0x11f ./Core/Src/gpio.o
 .debug_macro   0x0000000000003918       0x19 ./Core/Src/gpio.o
 .debug_macro   0x0000000000003931    0x1aa0d ./Core/Src/gpio.o
 .debug_macro   0x000000000001e33e       0x6d ./Core/Src/gpio.o
 .debug_macro   0x000000000001e3ab     0x3749 ./Core/Src/gpio.o
 .debug_macro   0x0000000000021af4      0x174 ./Core/Src/gpio.o
 .debug_macro   0x0000000000021c68       0x63 ./Core/Src/gpio.o
 .debug_macro   0x0000000000021ccb     0x1add ./Core/Src/gpio.o
 .debug_macro   0x00000000000237a8      0x6c4 ./Core/Src/gpio.o
 .debug_macro   0x0000000000023e6c      0x18b ./Core/Src/gpio.o
 .debug_macro   0x0000000000023ff7      0x115 ./Core/Src/gpio.o
 .debug_macro   0x000000000002410c      0x26e ./Core/Src/gpio.o
 .debug_macro   0x000000000002437a       0xa5 ./Core/Src/gpio.o
 .debug_macro   0x000000000002441f      0x24f ./Core/Src/gpio.o
 .debug_macro   0x000000000002466e       0x71 ./Core/Src/gpio.o
 .debug_macro   0x00000000000246df       0x58 ./Core/Src/gpio.o
 .debug_macro   0x0000000000024737      0x236 ./Core/Src/gpio.o
 .debug_macro   0x000000000002496d      0x14e ./Core/Src/gpio.o
 .debug_macro   0x0000000000024abb      0x3db ./Core/Src/gpio.o
 .debug_macro   0x0000000000024e96       0x12 ./Core/Src/gpio.o
 .debug_macro   0x0000000000024ea8      0x22c ./Core/Src/gpio.o
 .debug_macro   0x00000000000250d4       0x61 ./Core/Src/gpio.o
 .debug_macro   0x0000000000025135       0xa5 ./Core/Src/gpio.o
 .debug_macro   0x00000000000251da      0x12e ./Core/Src/gpio.o
 .debug_macro   0x0000000000025308      0x108 ./Core/Src/gpio.o
 .debug_macro   0x0000000000025410       0x35 ./Core/Src/gpio.o
 .debug_macro   0x0000000000025445      0x5ba ./Core/Src/gpio.o
 .debug_macro   0x00000000000259ff       0x44 ./Core/Src/gpio.o
 .debug_macro   0x0000000000025a43      0x15b ./Core/Src/gpio.o
 .debug_macro   0x0000000000025b9e      0x13c ./Core/Src/gpio.o
 .debug_macro   0x0000000000025cda      0x313 ./Core/Src/main.o
 .debug_macro   0x0000000000025fed       0x52 ./Core/Src/main.o
 .debug_macro   0x000000000002603f       0x1c ./Core/Src/main.o
 .debug_macro   0x000000000002605b       0x58 ./Core/Src/main.o
 .debug_macro   0x00000000000260b3      0x16c ./Core/Src/protocol.o
 .debug_macro   0x000000000002621f       0x3a ./Core/Src/protocol.o
 .debug_macro   0x0000000000026259       0x9e ./Core/Src/protocol.o
 .debug_macro   0x00000000000262f7       0x8d ./Core/Src/protocol.o
 .debug_macro   0x0000000000026384      0x1de ./Core/Src/stm32f7xx_hal_msp.o
 .debug_macro   0x0000000000026562      0x1e8 ./Core/Src/stm32f7xx_it.o
 .debug_macro   0x000000000002674a       0xff ./Core/Src/sysmem.o
 .debug_macro   0x0000000000026849      0x23b ./Core/Src/sysmem.o
 .debug_macro   0x0000000000026a84      0x1cf ./Core/Src/system_stm32f7xx.o
 .debug_macro   0x0000000000026c53      0x1e8 ./Core/Src/usart.o
 .debug_macro   0x0000000000026e3b      0x1f3 ./Drivers/STM32F7xx_HAL_Driver/Src/stm32f7xx_hal.o
 .debug_macro   0x000000000002702e      0x1cf ./Drivers/STM32F7xx_HAL_Driver/Src/stm32f7xx_hal_cortex.o
 .debug_macro   0x00000000000271fd      0x1d5 ./Drivers/STM32F7xx_HAL_Driver/Src/stm32f7xx_hal_dma.o
 .debug_macro   0x00000000000273d2      0x1d5 ./Drivers/STM32F7xx_HAL_Driver/Src/stm32f7xx_hal_gpio.o
 .debug_macro   0x00000000000275a7      0x1ed ./Drivers/STM32F7xx_HAL_Driver/Src/stm32f7xx_hal_pwr.o
 .debug_macro   0x0000000000027794      0x1e7 ./Drivers/STM32F7xx_HAL_Driver/Src/stm32f7xx_hal_pwr_ex.o
 .debug_macro   0x000000000002797b      0x1f3 ./Drivers/STM32F7xx_HAL_Driver/Src/stm32f7xx_hal_rcc.o
 .debug_macro   0x0000000000027b6e      0x1cf ./Drivers/STM32F7xx_HAL_Driver/Src/stm32f7xx_hal_rcc_ex.o
 .debug_macro   0x0000000000027d3d      0x1ec ./Drivers/STM32F7xx_HAL_Driver/Src/stm32f7xx_hal_uart.o

.debug_line     0x0000000000000000     0xcf63
 .debug_line    0x0000000000000000      0x584 ./Core/Src/commands.o
 .debug_line    0x0000000000000584      0x74b ./Core/Src/gpio.o
 .debug_line    0x0000000000000ccf      0xa8b ./Core/Src/main.o
 .debug_line    0x000000000000175a      0x5da ./Core/Src/protocol.o
 .debug_line    0x0000000000001d34      0x6bd ./Core/Src/stm32f7xx_hal_msp.o
 .debug_line    0x00000000000023f1      0x794 ./Core/Src/stm32f7xx_it.o
 .debug_line    0x0000000000002b85      0x4f4 ./Core/Src/sysmem.o
 .debug_line    0x0000000000003079      0x73d ./Core/Src/system_stm32f7xx.o
 .debug_line    0x00000000000037b6      0x742 ./Core/Src/usart.o
 .debug_line    0x0000000000003ef8       0x88 ./Core/Startup/startup_stm32f767zitx.o
 .debug_line    0x0000000000003f80      0x9fe ./Drivers/STM32F7xx_HAL_Driver/Src/stm32f7xx_hal.o
 .debug_line    0x000000000000497e      0xc54 ./Drivers/STM32F7xx_HAL_Driver/Src/stm32f7xx_hal_cortex.o
 .debug_line    0x00000000000055d2      0xf1d ./Drivers/STM32F7xx_HAL_Driver/Src/stm32f7xx_hal_dma.o
 .debug_line    0x00000000000064ef      0xb42 ./Drivers/STM32F7xx_HAL_Driver/Src/stm32f7xx_hal_gpio.o
 .debug_line    0x0000000000007031      0x8d2 ./Drivers/STM32F7xx_HAL_Driver/Src/stm32f7xx_hal_pwr.o
 .debug_line    0x0000000000007903      0x943 ./Drivers/STM32F7xx_HAL_Driver/Src/stm32f7xx_hal_pwr_ex.o
 .debug_line    0x0000000000008246      0xe40 ./Drivers/STM32F7xx_HAL_Driver/Src/stm32f7xx_hal_rcc.o
 .debug_line    0x0000000000009086      0xe1c ./Drivers/STM32F7xx_HAL_Driver/Src/stm32f7xx_hal_rcc_ex.o
 .debug_line    0x0000000000009ea2     0x30c1 ./Drivers/STM32F7xx_HAL_Driver/Src/stm32f7xx_hal_uart.o

.debug_str      0x0000000000000000    0xf2309
 .debug_str     0x0000000000000000     0x7e23 ./Core/Src/commands.o
                                       0x802a (size before relaxing)
 .debug_str     0x0000000000007e23    0xe6f3c ./Core/Src/gpio.o
                                      0xeb39b (size before relaxing)
 .debug_str     0x00000000000eed5f      0x864 ./Core/Src/main.o
                                      0xefb78 (size before relaxing)
 .debug_str     0x00000000000ef5c3       0x60 ./Core/Src/protocol.o
                                       0x8003 (size before relaxing)
 .debug_str     0x00000000000ef623       0x2c ./Core/Src/stm32f7xx_hal_msp.o
                                      0xeb2be (size before relaxing)
 .debug_str     0x00000000000ef64f       0xef ./Core/Src/stm32f7xx_it.o
                                      0xeb703 (size before relaxing)
 .debug_str     0x00000000000ef73e      0x4da ./Core/Src/sysmem.o
                                       0x5de5 (size before relaxing)
 .debug_str     0x00000000000efc18      0x1a4 ./Core/Src/system_stm32f7xx.o
                                      0xeaf4f (size before relaxing)
 .debug_str     0x00000000000efdbc      0x95f ./Core/Src/usart.o
                                      0xec1cd (size before relaxing)
 .debug_str     0x00000000000f071b       0x36 ./Core/Startup/startup_stm32f767zitx.o
                                         0x5e (size before relaxing)
 .debug_str     0x00000000000f0751      0x451 ./Drivers/STM32F7xx_HAL_Driver/Src/stm32f7xx_hal.o
                                      0xeb98f (size before relaxing)
 .debug_str     0x00000000000f0ba2      0x323 ./Drivers/STM32F7xx_HAL_Driver/Src/stm32f7xx_hal_cortex.o
                                      0xeb93f (size before relaxing)
 .debug_str     0x00000000000f0ec5      0x32d ./Drivers/STM32F7xx_HAL_Driver/Src/stm32f7xx_hal_dma.o
                                      0xeb28e (size before relaxing)
 .debug_str     0x00000000000f11f2      0x105 ./Drivers/STM32F7xx_HAL_Driver/Src/stm32f7xx_hal_gpio.o
                                      0xeb00d (size before relaxing)
 .debug_str     0x00000000000f12f7      0x2ac ./Drivers/STM32F7xx_HAL_Driver/Src/stm32f7xx_hal_pwr.o
                                      0xeb1f0 (size before relaxing)
 .debug_str     0x00000000000f15a3      0x1bd ./Drivers/STM32F7xx_HAL_Driver/Src/stm32f7xx_hal_pwr_ex.o
                                      0xeb1be (size before relaxing)
 .debug_str     0x00000000000f1760      0x260 ./Drivers/STM32F7xx_HAL_Driver/Src/stm32f7xx_hal_rcc.o
                                      0xeb2ca (size before relaxing)
 .debug_str     0x00000000000f19c0      0x147 ./Drivers/STM32F7xx_HAL_Driver/Src/stm32f7xx_hal_rcc_ex.o
                                      0xeb22d (size before relaxing)
 .debug_str     0x00000000000f1b07      0x802 ./Drivers/STM32F7xx_HAL_Driver/Src/stm32f7xx_hal_uart.o
                                      0xebc18 (size before relaxing)

.comment        0x0000000000000000       0x50
 .comment       0x0000000000000000       0x50 ./Core/Src/commands.o
                                         0x51 (size before relaxing)
 .comment       0x0000000000000050       0x51 ./Core/Src/gpio.o
 .comment       0x0000000000000050       0x51 ./Core/Src/main.o
 .comment       0x0000000000000050       0x51 ./Core/Src/protocol.o
 .comment       0x0000000000000050       0x51 ./Core/Src/stm32f7xx_hal_msp.o
 .comment       0x0000000000000050       0x51 ./Core/Src/stm32f7xx_it.o
 .comment       0x0000000000000050       0x51 ./Core/Src/sysmem.o
 .comment       0x0000000000000050       0x51 ./Core/Src/system_stm32f7xx.o
 .comment       0x0000000000000050       0x51 ./Core/Src/usart.o
 .comment       0x0000000000000050       0x51 ./Drivers/STM32F7xx_HAL_Driver/Src/stm32f7xx_hal.o
 .comment       0x0000000000000050       0x51 ./Drivers/STM32F7xx_HAL_Driver/Src/stm32f7xx_hal_cortex.o
 .comment       0x0000000000000050       0x51 ./Drivers/STM32F7xx_HAL_Driver/Src/stm32f7xx_hal_dma.o
 .comment       0x0000000000000050       0x51 ./Drivers/STM32F7xx_HAL_Driver/Src/stm32f7xx_hal_gpio.o
 .comment       0x0000000000000050       0x51 ./Drivers/STM32F7xx_HAL_Driver/Src/stm32f7xx_hal_pwr.o
 .comment       0x0000000000000050       0x51 ./Drivers/STM32F7xx_HAL_Driver/Src/stm32f7xx_hal_pwr_ex.o
 .comment       0x0000000000000050       0x51 ./Drivers/STM32F7xx_HAL_Driver/Src/stm32f7xx_hal_rcc.o
 .comment       0x0000000000000050       0x51 ./Drivers/STM32F7xx_HAL_Driver/Src/stm32f7xx_hal_rcc_ex.o
 .comment       0x0000000000000050       0x51 ./Drivers/STM32F7xx_HAL_Driver/Src/stm32f7xx_hal_uart.o

.debug_frame    0x0000000000000000     0x26c4
 .debug_frame   0x0000000000000000       0x34 ./Core/Src/commands.o
 .debug_frame   0x0000000000000034       0x34 ./Core/Src/gpio.o
 .debug_frame   0x0000000000000068       0xf0 ./Core/Src/main.o
 .debug_frame   0x0000000000000158       0x60 ./Core/Src/protocol.o
 .debug_frame   0x00000000000001b8       0x38 ./Core/Src/stm32f7xx_hal_msp.o
 .debug_frame   0x00000000000001f0      0x128 ./Core/Src/stm32f7xx_it.o
 .debug_frame   0x0000000000000318       0x34 ./Core/Src/sysmem.o
 .debug_frame   0x000000000000034c       0x58 ./Core/Src/system_stm32f7xx.o
 .debug_frame   0x00000000000003a4       0x78 ./Core/Src/usart.o
 .debug_frame   0x000000000000041c      0x3f4 ./Drivers/STM32F7xx_HAL_Driver/Src/stm32f7xx_hal.o
 .debug_frame   0x0000000000000810      0x498 ./Drivers/STM32F7xx_HAL_Driver/Src/stm32f7xx_hal_cortex.o
 .debug_frame   0x0000000000000ca8      0x250 ./Drivers/STM32F7xx_HAL_Driver/Src/stm32f7xx_hal_dma.o
 .debug_frame   0x0000000000000ef8      0x14c ./Drivers/STM32F7xx_HAL_Driver/Src/stm32f7xx_hal_gpio.o
 .debug_frame   0x0000000000001044      0x254 ./Drivers/STM32F7xx_HAL_Driver/Src/stm32f7xx_hal_pwr.o
 .debug_frame   0x0000000000001298      0x1c8 ./Drivers/STM32F7xx_HAL_Driver/Src/stm32f7xx_hal_pwr_ex.o
 .debug_frame   0x0000000000001460      0x1f8 ./Drivers/STM32F7xx_HAL_Driver/Src/stm32f7xx_hal_rcc.o
 .debug_frame   0x0000000000001658      0x118 ./Drivers/STM32F7xx_HAL_Driver/Src/stm32f7xx_hal_rcc_ex.o
 .debug_frame   0x0000000000001770      0xa10 ./Drivers/STM32F7xx_HAL_Driver/Src/stm32f7xx_hal_uart.o
 .debug_frame   0x0000000000002180       0x30 c:/st/stm32cubeide_1.10.0/stm32cubeide/plugins/com.st.stm32cube.ide.mcu.externaltools.gnu-tools-for-stm32.10.3-2021.10.win32_1.0.100.202210260954/tools/bin/../lib/gcc/arm-none-eabi/10.3.1/../../../../arm-none-eabi/lib/thumb/v7e-m+dp/hard\libc_nano.a(lib_a-atoi.o)
 .debug_frame   0x00000000000021b0       0x20 c:/st/stm32cubeide_1.10.0/stm32cubeide/plugins/com.st.stm32cube.ide.mcu.externaltools.gnu-tools-for-stm32.10.3-2021.10.win32_1.0.100.202210260954/tools/bin/../lib/gcc/arm-none-eabi/10.3.1/../../../../arm-none-eabi/lib/thumb/v7e-m+dp/hard\libc_nano.a(lib_a-errno.o)
 .debug_frame   0x00000000000021d0       0x2c c:/st/stm32cubeide_1.10.0/stm32cubeide/plugins/com.st.stm32cube.ide.mcu.externaltools.gnu-tools-for-stm32.10.3-2021.10.win32_1.0.100.202210260954/tools/bin/../lib/gcc/arm-none-eabi/10.3.1/../../../../arm-none-eabi/lib/thumb/v7e-m+dp/hard\libc_nano.a(lib_a-init.o)
 .debug_frame   0x00000000000021fc       0x28 c:/st/stm32cubeide_1.10.0/stm32cubeide/plugins/com.st.stm32cube.ide.mcu.externaltools.gnu-tools-for-stm32.10.3-2021.10.win32_1.0.100.202210260954/tools/bin/../lib/gcc/arm-none-eabi/10.3.1/../../../../arm-none-eabi/lib/thumb/v7e-m+dp/hard\libc_nano.a(lib_a-memcpy-stub.o)
 .debug_frame   0x0000000000002224       0x20 c:/st/stm32cubeide_1.10.0/stm32cubeide/plugins/com.st.stm32cube.ide.mcu.externaltools.gnu-tools-for-stm32.10.3-2021.10.win32_1.0.100.202210260954/tools/bin/../lib/gcc/arm-none-eabi/10.3.1/../../../../arm-none-eabi/lib/thumb/v7e-m+dp/hard\libc_nano.a(lib_a-memset.o)
 .debug_frame   0x0000000000002244       0x20 c:/st/stm32cubeide_1.10.0/stm32cubeide/plugins/com.st.stm32cube.ide.mcu.externaltools.gnu-tools-for-stm32.10.3-2021.10.win32_1.0.100.202210260954/tools/bin/../lib/gcc/arm-none-eabi/10.3.1/../../../../arm-none-eabi/lib/thumb/v7e-m+dp/hard\libc_nano.a(lib_a-strcmp.o)
 .debug_frame   0x0000000000002264       0x64 c:/st/stm32cubeide_1.10.0/stm32cubeide/plugins/com.st.stm32cube.ide.mcu.externaltools.gnu-tools-for-stm32.10.3-2021.10.win32_1.0.100.202210260954/tools/bin/../lib/gcc/arm-none-eabi/10.3.1/../../../../arm-none-eabi/lib/thumb/v7e-m+dp/hard\libc_nano.a(lib_a-strtol.o)
 .debug_frame   0x00000000000022c8       0x3c c:/st/stm32cubeide_1.10.0/stm32cubeide/plugins/com.st.stm32cube.ide.mcu.externaltools.gnu-tools-for-stm32.10.3-2021.10.win32_1.0.100.202210260954/tools/bin/../lib/gcc/arm-none-eabi/10.3.1/../../../../arm-none-eabi/lib/thumb/v7e-m+dp/hard\libc_nano.a(lib_a-vsprintf.o)
 .debug_frame   0x0000000000002304       0x90 c:/st/stm32cubeide_1.10.0/stm32cubeide/plugins/com.st.stm32cube.ide.mcu.externaltools.gnu-tools-for-stm32.10.3-2021.10.win32_1.0.100.202210260954/tools/bin/../lib/gcc/arm-none-eabi/10.3.1/../../../../arm-none-eabi/lib/thumb/v7e-m+dp/hard\libc_nano.a(lib_a-nano-svfprintf.o)
 .debug_frame   0x0000000000002394       0x60 c:/st/stm32cubeide_1.10.0/stm32cubeide/plugins/com.st.stm32cube.ide.mcu.externaltools.gnu-tools-for-stm32.10.3-2021.10.win32_1.0.100.202210260954/tools/bin/../lib/gcc/arm-none-eabi/10.3.1/../../../../arm-none-eabi/lib/thumb/v7e-m+dp/hard\libc_nano.a(lib_a-nano-vfprintf_i.o)
 .debug_frame   0x00000000000023f4       0x28 c:/st/stm32cubeide_1.10.0/stm32cubeide/plugins/com.st.stm32cube.ide.mcu.externaltools.gnu-tools-for-stm32.10.3-2021.10.win32_1.0.100.202210260954/tools/bin/../lib/gcc/arm-none-eabi/10.3.1/../../../../arm-none-eabi/lib/thumb/v7e-m+dp/hard\libc_nano.a(lib_a-memmove.o)
 .debug_frame   0x000000000000241c       0x38 c:/st/stm32cubeide_1.10.0/stm32cubeide/plugins/com.st.stm32cube.ide.mcu.externaltools.gnu-tools-for-stm32.10.3-2021.10.win32_1.0.100.202210260954/tools/bin/../lib/gcc/arm-none-eabi/10.3.1/../../../../arm-none-eabi/lib/thumb/v7e-m+dp/hard\libc_nano.a(lib_a-nano-freer.o)
 .debug_frame   0x0000000000002454       0x4c c:/st/stm32cubeide_1.10.0/stm32cubeide/plugins/com.st.stm32cube.ide.mcu.externaltools.gnu-tools-for-stm32.10.3-2021.10.win32_1.0.100.202210260954/tools/bin/../lib/gcc/arm-none-eabi/10.3.1/../../../../arm-none-eabi/lib/thumb/v7e-m+dp/hard\libc_nano.a(lib_a-nano-mallocr.o)
 .debug_frame   0x00000000000024a0       0x3c c:/st/stm32cubeide_1.10.0/stm32cubeide/plugins/com.st.stm32cube.ide.mcu.externaltools.gnu-tools-for-stm32.10.3-2021.10.win32_1.0.100.202210260954/tools/bin/../lib/gcc/arm-none-eabi/10.3.1/../../../../arm-none-eabi/lib/thumb/v7e-m+dp/hard\libc_nano.a(lib_a-nano-reallocr.o)
 .debug_frame   0x00000000000024dc       0x2c c:/st/stm32cubeide_1.10.0/stm32cubeide/plugins/com.st.stm32cube.ide.mcu.externaltools.gnu-tools-for-stm32.10.3-2021.10.win32_1.0.100.202210260954/tools/bin/../lib/gcc/arm-none-eabi/10.3.1/../../../../arm-none-eabi/lib/thumb/v7e-m+dp/hard\libc_nano.a(lib_a-sbrkr.o)
 .debug_frame   0x0000000000002508       0x30 c:/st/stm32cubeide_1.10.0/stm32cubeide/plugins/com.st.stm32cube.ide.mcu.externaltools.gnu-tools-for-stm32.10.3-2021.10.win32_1.0.100.202210260954/tools/bin/../lib/gcc/arm-none-eabi/10.3.1/../../../../arm-none-eabi/lib/thumb/v7e-m+dp/hard\libc_nano.a(lib_a-mlock.o)
 .debug_frame   0x0000000000002538       0x20 c:/st/stm32cubeide_1.10.0/stm32cubeide/plugins/com.st.stm32cube.ide.mcu.externaltools.gnu-tools-for-stm32.10.3-2021.10.win32_1.0.100.202210260954/tools/bin/../lib/gcc/arm-none-eabi/10.3.1/../../../../arm-none-eabi/lib/thumb/v7e-m+dp/hard\libc_nano.a(lib_a-nano-msizer.o)
 .debug_frame   0x0000000000002558       0x5c c:/st/stm32cubeide_1.10.0/stm32cubeide/plugins/com.st.stm32cube.ide.mcu.externaltools.gnu-tools-for-stm32.10.3-2021.10.win32_1.0.100.202210260954/tools/bin/../lib/gcc/arm-none-eabi/10.3.1/../../../../arm-none-eabi/lib/thumb/v7e-m+dp/hard\libc_nano.a(lib_a-reent.o)
 .debug_frame   0x00000000000025b4       0xb0 c:/st/stm32cubeide_1.10.0/stm32cubeide/plugins/com.st.stm32cube.ide.mcu.externaltools.gnu-tools-for-stm32.10.3-2021.10.win32_1.0.100.202210260954/tools/bin/../lib/gcc/arm-none-eabi/10.3.1/../../../../arm-none-eabi/lib/thumb/v7e-m+dp/hard\libc_nano.a(lib_a-lock.o)
 .debug_frame   0x0000000000002664       0x2c c:/st/stm32cubeide_1.10.0/stm32cubeide/plugins/com.st.stm32cube.ide.mcu.externaltools.gnu-tools-for-stm32.10.3-2021.10.win32_1.0.100.202210260954/tools/bin/../lib/gcc/arm-none-eabi/10.3.1/thumb/v7e-m+dp/hard\libgcc.a(_aeabi_uldivmod.o)
 .debug_frame   0x0000000000002690       0x34 c:/st/stm32cubeide_1.10.0/stm32cubeide/plugins/com.st.stm32cube.ide.mcu.externaltools.gnu-tools-for-stm32.10.3-2021.10.win32_1.0.100.202210260954/tools/bin/../lib/gcc/arm-none-eabi/10.3.1/thumb/v7e-m+dp/hard\libgcc.a(_udivmoddi4.o)
